Component: ARM Compiler 5.06 update 2 (build 183) Tool: armlink [4d35b7]

==============================================================================

Section Cross References

    app.o(i.CANTaskEntry) refers to can.o(i.CAN1_Mode_Init) for CAN1_Mode_Init
    app.o(i.CANTaskEntry) refers to vmbox.o(i.vMboxWait) for vMboxWait
    app.o(i.CANTaskEntry) refers to rt_memcpy_w.o(.text) for __aeabi_memcpy4
    app.o(i.CANTaskEntry) refers to can.o(i.CAN1_Send_Msg) for CAN1_Send_Msg
    app.o(i.CANTaskEntry) refers to lcd.o(i.LCD_ShowString) for LCD_ShowString
    app.o(i.CANTaskEntry) refers to vtask.o(i.vTaskGetInfo) for vTaskGetInfo
    app.o(i.CANTaskEntry) refers to app.o(.bss) for mbox_UPLOAD
    app.o(i.CANTaskEntry) refers to vidaos.o(.data) for currentTask
    app.o(i.HAL_GPIO_EXTI_Callback) refers to delay.o(i.delay_ms) for delay_ms
    app.o(i.HAL_GPIO_EXTI_Callback) refers to stm32f4xx_hal_gpio.o(i.HAL_GPIO_ReadPin) for HAL_GPIO_ReadPin
    app.o(i.HAL_GPIO_EXTI_Callback) refers to wkup.o(i.Check_WKUP) for Check_WKUP
    app.o(i.HAL_GPIO_EXTI_Callback) refers to wkup.o(i.Sys_Enter_Standby) for Sys_Enter_Standby
    app.o(i.HAL_GPIO_EXTI_Callback) refers to vtask.o(i.vTaskWakeup) for vTaskWakeup
    app.o(i.HAL_GPIO_EXTI_Callback) refers to lcd.o(i.LCD_ShowString) for LCD_ShowString
    app.o(i.HAL_GPIO_EXTI_Callback) refers to vevent.o(i.vEventRemoveTask) for vEventRemoveTask
    app.o(i.HAL_GPIO_EXTI_Callback) refers to vsched.o(i.vTaskSchedRdy) for vTaskSchedRdy
    app.o(i.HAL_GPIO_EXTI_Callback) refers to vdelay.o(i.vTDlistTaskWakeup) for vTDlistTaskWakeup
    app.o(i.HAL_GPIO_EXTI_Callback) refers to vtask.o(i.vTaskSuspend) for vTaskSuspend
    app.o(i.HAL_GPIO_EXTI_Callback) refers to app.o(.data) for report_USART
    app.o(i.HAL_GPIO_EXTI_Callback) refers to app.o(.bss) for USARTTask
    app.o(i.HAL_TIM_PeriodElapsedCallback) refers to inv_mpu.o(i.mpu_mpl_get_data) for mpu_mpl_get_data
    app.o(i.HAL_TIM_PeriodElapsedCallback) refers to mpu9250.o(i.MPU_Get_Temperature) for MPU_Get_Temperature
    app.o(i.HAL_TIM_PeriodElapsedCallback) refers to mpu9250.o(i.MPU_Get_Accelerometer) for MPU_Get_Accelerometer
    app.o(i.HAL_TIM_PeriodElapsedCallback) refers to mpu9250.o(i.MPU_Get_Gyroscope) for MPU_Get_Gyroscope
    app.o(i.HAL_TIM_PeriodElapsedCallback) refers to vmbox.o(i.vMboxNotify) for vMboxNotify
    app.o(i.HAL_TIM_PeriodElapsedCallback) refers to app.o(.bss) for mbox_msg
    app.o(i.LCDTaskEntry) refers to _printf_pad.o(.text) for _printf_pre_padding
    app.o(i.LCDTaskEntry) refers to _printf_percent.o(.ARM.Collect$$_printf_percent$$00000000) for _printf_percent
    app.o(i.LCDTaskEntry) refers to _printf_d.o(.ARM.Collect$$_printf_percent$$00000009) for _printf_d
    app.o(i.LCDTaskEntry) refers to _printf_dec.o(.text) for _printf_int_dec
    app.o(i.LCDTaskEntry) refers to tpad.o(i.TPAD_Init) for TPAD_Init
    app.o(i.LCDTaskEntry) refers to rtc.o(i.RTC_Init) for RTC_Init
    app.o(i.LCDTaskEntry) refers to rtc.o(i.RTC_Set_WakeUp) for RTC_Set_WakeUp
    app.o(i.LCDTaskEntry) refers to lcd.o(i.LCD_ShowString) for LCD_ShowString
    app.o(i.LCDTaskEntry) refers to vmbox.o(i.vMboxWait) for vMboxWait
    app.o(i.LCDTaskEntry) refers to rt_memcpy_w.o(.text) for __aeabi_memcpy4
    app.o(i.LCDTaskEntry) refers to lcd.o(i.LCD_ShowChar) for LCD_ShowChar
    app.o(i.LCDTaskEntry) refers to lcd.o(i.LCD_ShowNum) for LCD_ShowNum
    app.o(i.LCDTaskEntry) refers to vidaos.o(i.vCPUUsageGet) for vCPUUsageGet
    app.o(i.LCDTaskEntry) refers to stm32f4xx_hal_rtc.o(i.HAL_RTC_GetTime) for HAL_RTC_GetTime
    app.o(i.LCDTaskEntry) refers to __2sprintf.o(.text) for __2sprintf
    app.o(i.LCDTaskEntry) refers to stm32f4xx_hal_rtc.o(i.HAL_RTC_GetDate) for HAL_RTC_GetDate
    app.o(i.LCDTaskEntry) refers to lcd.o(.data) for POINT_COLOR
    app.o(i.LCDTaskEntry) refers to app.o(.bss) for mbox_LCD
    app.o(i.LCDTaskEntry) refers to app.o(.data) for cpuUsage
    app.o(i.LCDTaskEntry) refers to rtc.o(.bss) for RTC_Handler
    app.o(i.LCDTaskEntry) refers to tpad.o(i.TPAD_Scan) for TPAD_Scan
    app.o(i.LCDTaskEntry) refers to ltdc.o(i.LTDC_Layer_Switch) for LTDC_Layer_Switch
    app.o(i.LCDTaskEntry) refers to vtask.o(i.vTaskGetInfo) for vTaskGetInfo
    app.o(i.LCDTaskEntry) refers to vidaos.o(.data) for currentTask
    app.o(i.MPUTaskEntry) refers to vmbox.o(i.vMboxInit) for vMboxInit
    app.o(i.MPUTaskEntry) refers to exti.o(i.EXTI_Init) for EXTI_Init
    app.o(i.MPUTaskEntry) refers to iwdg.o(i.IWDG_Init) for IWDG_Init
    app.o(i.MPUTaskEntry) refers to timer.o(i.TIM3_Init) for TIM3_Init
    app.o(i.MPUTaskEntry) refers to timer.o(i.TIM4_Init) for TIM4_Init
    app.o(i.MPUTaskEntry) refers to lcd.o(i.LCD_ShowString) for LCD_ShowString
    app.o(i.MPUTaskEntry) refers to delay.o(i.delay_ms) for delay_ms
    app.o(i.MPUTaskEntry) refers to lcd.o(i.LCD_Fill) for LCD_Fill
    app.o(i.MPUTaskEntry) refers to inv_mpu.o(i.mpu_dmp_init) for mpu_dmp_init
[...]
    asc2_1206                                0x08018c56   Data        1140  lcd.o(.constdata)
    asc2_1608                                0x080190ca   Data        1520  lcd.o(.constdata)
    asc2_2412                                0x080196ba   Data        3420  lcd.o(.constdata)
    asc2_3216                                0x0801a416   Data       12160  lcd.o(.constdata)
    reg                                      0x0801d398   Data          42  inv_mpu.o(.constdata)
    hw                                       0x0801d3c2   Data          14  inv_mpu.o(.constdata)
    test                                     0x0801d3d0   Data          48  inv_mpu.o(.constdata)
    ml_ver                                   0x0801e1f6   Data          20  mpl.o(.constdata)
    APBAHBPrescTable                         0x0801e225   Data          16  stm32f4xx_hal_rcc.o(.constdata)
    __mathlib_zero                           0x0801e3e0   Data           8  qnan.o(.constdata)
    Region$$Table$$Base                      0x0801e604   Number         0  anon$$obj.o(Region$$Table)
    Region$$Table$$Limit                     0x0801e624   Number         0  anon$$obj.o(Region$$Table)
    __ctype                                  0x0801e64d   Data           0  lc_ctype_c.o(locale$$data)
    cpuUsage                                 0x20000000   Data           4  app.o(.data)
    report_CAN                               0x20000004   Data           1  app.o(.data)
    report_USART                             0x20000005   Data           1  app.o(.data)
    update_LCD                               0x20000006   Data           1  app.o(.data)
    SystemCoreClock                          0x20000008   Data           4  system_stm32f4xx.o(.data)
    AHBPrescTable                            0x2000000c   Data          16  system_stm32f4xx.o(.data)
    __stdout                                 0x2000001c   Data           4  usart.o(.data)
    USART_RX_STA                             0x20000020   Data           2  usart.o(.data)
    aRxBuffer                                0x20000022   Data           1  usart.o(.data)
    WWDG_CNT                                 0x20000023   Data           1  wwdg.o(.data)
    TIM5CH1_CAPTURE_STA                      0x20000024   Data           1  timer.o(.data)
    TIM5CH1_CAPTURE_VAL                      0x20000028   Data           4  timer.o(.data)
    tpad_default_val                         0x2000002c   Data           2  tpad.o(.data)
    POINT_COLOR                              0x20000030   Data           4  lcd.o(.data)
    BACK_COLOR                               0x20000034   Data           4  lcd.o(.data)
    ltdc_framebuf                            0x20000038   Data           8  ltdc.o(.data)
    mpl_key                                  0x20000040   Data           4  inv_mpu.o(.data)
    currentTask                              0x2000009c   Data           4  vidaos.o(.data)
    nextTask                                 0x200000a0   Data           4  vidaos.o(.data)
    vOS_State                                0x200000a4   Data           1  vidaos.o(.data)
    tickCount                                0x200000a8   Data           4  vidaos.o(.data)
    idleCount                                0x200000ac   Data           4  vidaos.o(.data)
    idleMaxCount                             0x200000b0   Data           4  vidaos.o(.data)
    taskPrioBitmap                           0x200000c0   Data           4  vsched.o(.data)
    schedLockCount                           0x200000c4   Data           1  vsched.o(.data)
    MPUTask                                  0x200000d8   Data          84  app.o(.bss)
    LCDTask                                  0x2000012c   Data          84  app.o(.bss)
    CANTask                                  0x20000180   Data          84  app.o(.bss)
    USARTTask                                0x200001d4   Data          84  app.o(.bss)
    MPUTaskInfo                              0x20000228   Data          32  app.o(.bss)
    LCDTaskInfo                              0x20000248   Data          32  app.o(.bss)
    CANTaskInfo                              0x20000268   Data          32  app.o(.bss)
    USARTTaskInfo                            0x20000288   Data          32  app.o(.bss)
    MPUTaskStack                             0x200002a8   Data        2048  app.o(.bss)
    LCDTaskStack                             0x20000aa8   Data        1024  app.o(.bss)
    CANTaskStack                             0x20000ea8   Data        1024  app.o(.bss)
    USARTTaskStack                           0x200012a8   Data        1024  app.o(.bss)
    mbox_UPLOAD                              0x200016a8   Data          36  app.o(.bss)
    mbox_LCD                                 0x200016cc   Data          36  app.o(.bss)
    mboxMsgBuffer_UPLOAD                     0x200016f0   Data          80  app.o(.bss)
    mboxMsgBuffer_LCD                        0x20001740   Data          80  app.o(.bss)
    mbox_msg                                 0x20001790   Data          28  app.o(.bss)
    UART1_Handler                            0x200017ac   Data          64  usart.o(.bss)
    USART_RX_BUF                             0x200017ec   Data         200  usart.o(.bss)
    IWDG_Handler                             0x200018b4   Data          16  iwdg.o(.bss)
    WWDG_Handler                             0x200018c4   Data          20  wwdg.o(.bss)
    TIM3_Handler                             0x200018d8   Data          60  timer.o(.bss)
    TIM4_Handler                             0x20001914   Data          60  timer.o(.bss)
    TIM3_CH4Handler                          0x20001950   Data          28  timer.o(.bss)
    TIM5_Handler                             0x2000196c   Data          60  timer.o(.bss)
    TIM2_Handler                             0x200019a8   Data          60  tpad.o(.bss)
    RTC_Handler                              0x200019e4   Data          32  rtc.o(.bss)
    SRAM_Handler                             0x20001a04   Data          80  lcd.o(.bss)
    lcddev                                   0x20001a54   Data          14  lcd.o(.bss)
    LTDC_Handler                             0x20001a64   Data         168  ltdc.o(.bss)
    DMA2D_Handler                            0x20001b0c   Data          64  ltdc.o(.bss)
    lcdltdc                                  0x20001b4c   Data          32  ltdc.o(.bss)
    SDRAM_Handler                            0x20001b6c   Data          52  sdram.o(.bss)
    CAN1_Handler                             0x20001ba0   Data          64  can.o(.bss)
    TxMessage                                0x20001be0   Data          28  can.o(.bss)
    RxMessage                                0x20001bfc   Data          36  can.o(.bss)
    vTaskIdle                                0x20002268   Data          84  vidaos.o(.bss)
    idleTaskStack                            0x200022bc   Data        4096  vidaos.o(.bss)
    OSRdyTable                               0x200032bc   Data         384  vsched.o(.bss)
    vTaskDelayedList                         0x2000343c   Data          12  vdelay.o(.bss)
    cb                                       0x20003448   Data         232  compass_vec_cal.o(.bss)
    cb_test                                  0x20003530   Data         232  compass_vec_cal.o(.bss)
    cb_sim                                   0x20003618   Data         232  compass_vec_cal.o(.bss)
    vc                                       0x20003700   Data         424  compass_vec_cal.o(.bss)
    fnm                                      0x200038a8   Data         608  fast_no_motion.o(.bss)
    s9axis                                   0x20003b48   Data         312  fusion_9axis.o(.bss)
    mag_disturb                              0x20003e44   Data         184  mag_disturb.o(.bss)
    __libspace_start                         0x20004420   Data          96  libspace.o(.bss)
    __temporary_stack_top$libspace           0x20004480   Data           0  libspace.o(.bss)
    ltdc_lcd_framebuf                        0xc0000000   Data       2048000  ltdc.o(.ARM.__AT_0xC0000000)



==============================================================================

Memory Map of the image

  Image Entry point : 0x080001ad

  Load Region LR_IROM1 (Base: 0x08000000, Size: 0x0001e828, Max: 0x00100000, ABSOLUTE)

    Execution Region ER_IROM1 (Base: 0x08000000, Size: 0x0001e750, Max: 0x00100000, ABSOLUTE)

    Base Addr    Size         Type   Attr      Idx    E Section Name        Object

    0x08000000   0x000001ac   Data   RO         7636    RESET               startup_stm32f429xx.o
    0x080001ac   0x00000008   Code   RO         8616  * !!!main             c_w.l(__main.o)
    0x080001b4   0x00000034   Code   RO         9231    !!!scatter          c_w.l(__scatter.o)
    0x080001e8   0x0000001a   Code   RO         9233    !!handler_copy      c_w.l(__scatter_copy.o)
    0x08000202   0x00000002   PAD
    0x08000204   0x0000001c   Code   RO         9235    !!handler_zi        c_w.l(__scatter_zi.o)
    0x08000220   0x00000000   Code   RO         8599    .ARM.Collect$$_printf_percent$$00000000  c_w.l(_printf_percent.o)
    0x08000220   0x00000006   Code   RO         8906    .ARM.Collect$$_printf_percent$$00000001  c_w.l(_printf_n.o)
    0x08000226   0x00000006   Code   RO         8907    .ARM.Collect$$_printf_percent$$00000002  c_w.l(_printf_p.o)
    0x0800022c   0x00000006   Code   RO         8598    .ARM.Collect$$_printf_percent$$00000003  c_w.l(_printf_f.o)
    0x08000232   0x00000006   Code   RO         8911    .ARM.Collect$$_printf_percent$$00000004  c_w.l(_printf_e.o)
    0x08000238   0x00000006   Code   RO         8912    .ARM.Collect$$_printf_percent$$00000005  c_w.l(_printf_g.o)
    0x0800023e   0x00000006   Code   RO         8913    .ARM.Collect$$_printf_percent$$00000006  c_w.l(_printf_a.o)
    0x08000244   0x0000000a   Code   RO         8918    .ARM.Collect$$_printf_percent$$00000007  c_w.l(_printf_ll.o)
    0x0800024e   0x00000006   Code   RO         8909    .ARM.Collect$$_printf_percent$$00000008  c_w.l(_printf_i.o)
    0x08000254   0x00000006   Code   RO         8597    .ARM.Collect$$_printf_percent$$00000009  c_w.l(_printf_d.o)
    0x0800025a   0x00000006   Code   RO         8910    .ARM.Collect$$_printf_percent$$0000000A  c_w.l(_printf_u.o)
    0x08000260   0x00000006   Code   RO         8908    .ARM.Collect$$_printf_percent$$0000000B  c_w.l(_printf_o.o)
    0x08000266   0x00000006   Code   RO         8596    .ARM.Collect$$_printf_percent$$0000000C  c_w.l(_printf_x.o)
    0x0800026c   0x00000006   Code   RO         8915    .ARM.Collect$$_printf_percent$$0000000D  c_w.l(_printf_lli.o)
    0x08000272   0x00000006   Code   RO         8916    .ARM.Collect$$_printf_percent$$0000000E  c_w.l(_printf_lld.o)
    0x08000278   0x00000006   Code   RO         8917    .ARM.Collect$$_printf_percent$$0000000F  c_w.l(_printf_llu.o)
    0x0800027e   0x00000006   Code   RO         8922    .ARM.Collect$$_printf_percent$$00000010  c_w.l(_printf_llo.o)
    0x08000284   0x00000006   Code   RO         8923    .ARM.Collect$$_printf_percent$$00000011  c_w.l(_printf_llx.o)
    0x0800028a   0x0000000a   Code   RO         8919    .ARM.Collect$$_printf_percent$$00000012  c_w.l(_printf_l.o)
    0x08000294   0x00000006   Code   RO         8904    .ARM.Collect$$_printf_percent$$00000013  c_w.l(_printf_c.o)
    0x0800029a   0x00000006   Code   RO         8905    .ARM.Collect$$_printf_percent$$00000014  c_w.l(_printf_s.o)
    0x080002a0   0x00000006   Code   RO         8920    .ARM.Collect$$_printf_percent$$00000015  c_w.l(_printf_lc.o)
    0x080002a6   0x00000006   Code   RO         8921    .ARM.Collect$$_printf_percent$$00000016  c_w.l(_printf_ls.o)
    0x080002ac   0x00000004   Code   RO         8914    .ARM.Collect$$_printf_percent$$00000017  c_w.l(_printf_percent_end.o)
    0x080002b0   0x00000002   Code   RO         9097    .ARM.Collect$$libinit$$00000000  c_w.l(libinit.o)
    0x080002b2   0x00000004   Code   RO         9098    .ARM.Collect$$libinit$$00000001  c_w.l(libinit2.o)
    0x080002b6   0x00000000   Code   RO         9101    .ARM.Collect$$libinit$$00000004  c_w.l(libinit2.o)
    0x080002b6   0x00000000   Code   RO         9104    .ARM.Collect$$libinit$$0000000A  c_w.l(libinit2.o)
    0x080002b6   0x00000000   Code   RO         9106    .ARM.Collect$$libinit$$0000000C  c_w.l(libinit2.o)
    0x080002b6   0x00000000   Code   RO         9108    .ARM.Collect$$libinit$$0000000E  c_w.l(libinit2.o)
    0x080002b6   0x00000006   Code   RO         9109    .ARM.Collect$$libinit$$0000000F  c_w.l(libinit2.o)
    0x080002bc   0x00000000   Code   RO         9111    .ARM.Collect$$libinit$$00000011  c_w.l(libinit2.o)
    0x080002bc   0x0000000c   Code   RO         9112    .ARM.Collect$$libinit$$00000012  c_w.l(libinit2.o)
    0x080002c8   0x00000000   Code   RO         9113    .ARM.Collect$$libinit$$00000013  c_w.l(libinit2.o)
    0x080002c8   0x00000000   Code   RO         9115    .ARM.Collect$$libinit$$00000015  c_w.l(libinit2.o)
    0x080002c8   0x0000000a   Code   RO         9116    .ARM.Collect$$libinit$$00000016  c_w.l(libinit2.o)
    0x080002d2   0x00000000   Code   RO         9117    .ARM.Collect$$libinit$$00000017  c_w.l(libinit2.o)
    0x080002d2   0x00000000   Code   RO         9119    .ARM.Collect$$libinit$$00000019  c_w.l(libinit2.o)
    0x080002d2   0x00000000   Code   RO         9121    .ARM.Collect$$libinit$$0000001B  c_w.l(libinit2.o)
    0x080002d2   0x00000000   Code   RO         9123    .ARM.Collect$$libinit$$0000001D  c_w.l(libinit2.o)
    0x080002d2   0x00000000   Code   RO         9125    .ARM.Collect$$libinit$$0000001F  c_w.l(libinit2.o)
    0x080002d2   0x00000000   Code   RO         9127    .ARM.Collect$$libinit$$00000021  c_w.l(libinit2.o)
    0x080002d2   0x00000000   Code   RO         9129    .ARM.Collect$$libinit$$00000023  c_w.l(libinit2.o)
    0x080002d2   0x00000000   Code   RO         9131    .ARM.Collect$$libinit$$00000025  c_w.l(libinit2.o)
    0x080002d2   0x00000000   Code   RO         9135    .ARM.Collect$$libinit$$0000002C  c_w.l(libinit2.o)
    0x080002d2   0x00000000   Code   RO         9137    .ARM.Collect$$libinit$$0000002E  c_w.l(libinit2.o)
    0x080002d2   0x00000000   Code   RO         9139    .ARM.Collect$$libinit$$00000030  c_w.l(libinit2.o)
    0x080002d2   0x00000000   Code   RO         9141    .ARM.Collect$$libinit$$00000032  c_w.l(libinit2.o)
    0x080002d2   0x00000002   Code   RO         9142    .ARM.Collect$$libinit$$00000033  c_w.l(libinit2.o)
    0x080002d4   0x00000002   Code   RO         9191    .ARM.Collect$$libshutdown$$00000000  c_w.l(libshutdown.o)
    0x080002d6   0x00000000   Code   RO         9200    .ARM.Collect$$libshutdown$$00000002  c_w.l(libshutdown2.o)
    0x080002d6   0x00000000   Code   RO         9202    .ARM.Collect$$libshutdown$$00000004  c_w.l(libshutdown2.o)
    0x080002d6   0x00000000   Code   RO         9205    .ARM.Collect$$libshutdown$$00000007  c_w.l(libshutdown2.o)
    0x080002d6   0x00000000   Code   RO         9208    .ARM.Collect$$libshutdown$$0000000A  c_w.l(libshutdown2.o)
    0x080002d6   0x00000000   Code   RO         9210    .ARM.Collect$$libshutdown$$0000000C  c_w.l(libshutdown2.o)
    0x080002d6   0x00000000   Code   RO         9213    .ARM.Collect$$libshutdown$$0000000F  c_w.l(libshutdown2.o)
    0x080002d6   0x00000002   Code   RO         9214    .ARM.Collect$$libshutdown$$00000010  c_w.l(libshutdown2.o)
    0x080002d8   0x00000000   Code   RO         8872    .ARM.Collect$$rtentry$$00000000  c_w.l(__rtentry.o)
    0x080002d8   0x00000000   Code   RO         9000    .ARM.Collect$$rtentry$$00000002  c_w.l(__rtentry2.o)
    0x080002d8   0x00000006   Code   RO         9012    .ARM.Collect$$rtentry$$00000004  c_w.l(__rtentry4.o)
    0x080002de   0x00000000   Code   RO         9002    .ARM.Collect$$rtentry$$00000009  c_w.l(__rtentry2.o)
    0x080002de   0x00000004   Code   RO         9003    .ARM.Collect$$rtentry$$0000000A  c_w.l(__rtentry2.o)
    0x080002e2   0x00000000   Code   RO         9005    .ARM.Collect$$rtentry$$0000000C  c_w.l(__rtentry2.o)
    0x080002e2   0x00000008   Code   RO         9006    .ARM.Collect$$rtentry$$0000000D  c_w.l(__rtentry2.o)
    0x080002ea   0x00000002   Code   RO         9145    .ARM.Collect$$rtexit$$00000000  c_w.l(rtexit.o)
    0x080002ec   0x00000000   Code   RO         9161    .ARM.Collect$$rtexit$$00000002  c_w.l(rtexit2.o)
    0x080002ec   0x00000004   Code   RO         9162    .ARM.Collect$$rtexit$$00000003  c_w.l(rtexit2.o)
    0x080002f0   0x00000006   Code   RO         9163    .ARM.Collect$$rtexit$$00000004  c_w.l(rtexit2.o)
    0x080002f6   0x00000002   PAD
    0x080002f8   0x00000030   Code   RO         7775    .emb_text           vidaos.o
    0x08000328   0x00000040   Code   RO         7637    .text               startup_stm32f429xx.o
    0x08000368   0x000024f0   Code   RO         8297    .text               libmpllib.lib(compass_vec_cal.o)
    0x08002858   0x00000a18   Code   RO         8387    .text               libmpllib.lib(fast_no_motion.o)
    0x08003270   0x000006b0   Code   RO         8420    .text               libmpllib.lib(fusion_9axis.o)
    0x08003920   0x000004c4   Code   RO         8442    .text               libmpllib.lib(gyro_tc.o)
    0x08003de4   0x000005c0   Code   RO         8460    .text               libmpllib.lib(mag_disturb.o)
    0x080043a4   0x00000994   Code   RO         8482    .text               libmpllib.lib(quaternion_supervisor.o)
    0x08004d38   0x00000c44   Code   RO         8500    .text               libmpllib.lib(accel_auto_cal.o)
    0x0800597c   0x00000002   Code   RO         8531    .text               c_w.l(use_no_semi_2.o)
    0x0800597e   0x00000026   Code   RO         8533    .text               c_w.l(llshl.o)
    0x080059a4   0x00000026   Code   RO         8535    .text               c_w.l(llsshr.o)
    0x080059ca   0x00000048   Code   RO         8537    .text               c_w.l(llsdiv.o)
    0x08005a12   0x00000002   PAD
    0x08005a14   0x00000024   Code   RO         8539    .text               c_w.l(vsprintf.o)
    0x08005a38   0x00000018   Code   RO         8541    .text               c_w.l(__2printf.o)
    0x08005a50   0x0000002c   Code   RO         8543    .text               c_w.l(__2sprintf.o)
    0x08005a7c   0x0000004e   Code   RO         8551    .text               c_w.l(_printf_pad.o)
    0x08005aca   0x00000002   PAD
    0x08005acc   0x00000078   Code   RO         8553    .text               c_w.l(_printf_dec.o)
    0x08005b44   0x00000094   Code   RO         8573    .text               c_w.l(_printf_hex_int_ll_ptr.o)
    0x08005bd8   0x00000188   Code   RO         8593    .text               c_w.l(__printf_flags_ss_wp.o)
    0x08005d60   0x00000058   Code   RO         8600    .text               c_w.l(memcmp.o)
    0x08005db8   0x0000008a   Code   RO         8602    .text               c_w.l(rt_memcpy_v6.o)
    0x08005e42   0x00000064   Code   RO         8604    .text               c_w.l(rt_memcpy_w.o)
    0x08005ea6   0x0000007a   Code   RO         8606    .text               c_w.l(rt_memmove_w.o)
    0x08005f20   0x00000010   Code   RO         8608    .text               c_w.l(aeabi_memset.o)
    0x08005f30   0x00000044   Code   RO         8610    .text               c_w.l(rt_memclr.o)
    0x08005f74   0x0000004e   Code   RO         8612    .text               c_w.l(rt_memclr_w.o)
    0x08005fc2   0x00000006   Code   RO         8614    .text               c_w.l(heapauxi.o)
    0x08005fc8   0x00000002   Code   RO         8870    .text               c_w.l(use_no_semi.o)
    0x08005fca   0x000000ee   Code   RO         8873    .text               c_w.l(lludivv7m.o)
    0x080060b8   0x00000016   Code   RO         8875    .text               c_w.l(_rserrno.o)
    0x080060ce   0x00000024   Code   RO         8877    .text               c_w.l(_printf_truncate.o)
    0x080060f2   0x00000052   Code   RO         8879    .text               c_w.l(_printf_str.o)
    0x08006144   0x000000b2   Code   RO         8881    .text               c_w.l(_printf_intcommon.o)
    0x080061f6   0x00000028   Code   RO         8883    .text               c_w.l(_printf_charcount.o)
    0x0800621e   0x0000041a   Code   RO         8885    .text               c_w.l(_printf_fp_dec.o)
    0x08006638   0x00000030   Code   RO         8887    .text               c_w.l(_printf_char_common.o)
    0x08006668   0x0000000a   Code   RO         8889    .text               c_w.l(_sputc.o)
    0x08006672   0x00000002   PAD
    0x08006674   0x00000024   Code   RO         8891    .text               c_w.l(_printf_char_file.o)
    0x08006698   0x000000bc   Code   RO         8893    .text               c_w.l(_printf_wctomb.o)
    0x08006754   0x0000007c   Code   RO         8896    .text               c_w.l(_printf_longlong_dec.o)
    0x080067d0   0x00000070   Code   RO         8902    .text               c_w.l(_printf_oct_int_ll.o)
    0x08006840   0x00000008   Code   RO         9021    .text               c_w.l(rt_locale_intlibspace.o)
    0x08006848   0x00000008   Code   RO         9026    .text               c_w.l(rt_errno_addr_intlibspace.o)
    0x08006850   0x0000008a   Code   RO         9028    .text               c_w.l(lludiv10.o)
    0x080068da   0x00000002   PAD
    0x080068dc   0x000002fc   Code   RO         9030    .text               c_w.l(_printf_fp_hex.o)
    0x08006bd8   0x00000080   Code   RO         9033    .text               c_w.l(_printf_fp_infnan.o)
    0x08006c58   0x0000002c   Code   RO         9037    .text               c_w.l(_printf_char.o)
    0x08006c84   0x0000002c   Code   RO         9039    .text               c_w.l(_printf_wchar.o)
    0x08006cb0   0x000000dc   Code   RO         9041    .text               c_w.l(bigflt0.o)
    0x08006d8c   0x00000008   Code   RO         9066    .text               c_w.l(ferror.o)
    0x08006d94   0x00000040   Code   RO         9070    .text               c_w.l(_wcrtomb.o)
    0x08006dd4   0x00000008   Code   RO         9079    .text               c_w.l(libspace.o)
    0x08006ddc   0x0000004a   Code   RO         9082    .text               c_w.l(sys_stackheap_outer.o)
    0x08006e26   0x00000002   PAD
    0x08006e28   0x00000010   Code   RO         9084    .text               c_w.l(rt_ctype_table.o)
    0x08006e38   0x00000012   Code   RO         9088    .text               c_w.l(exit.o)
    0x08006e4a   0x00000002   PAD
    0x08006e4c   0x00000080   Code   RO         9090    .text               c_w.l(strcmpv7m.o)
    0x08006ecc   0x0000003e   Code   RO         9044    CL$$btod_d2e        c_w.l(btod.o)
    0x08006f0a   0x00000046   Code   RO         9046    CL$$btod_d2e_denorm_low  c_w.l(btod.o)
    0x08006f50   0x00000060   Code   RO         9045    CL$$btod_d2e_norm_op1  c_w.l(btod.o)
    0x08006fb0   0x00000338   Code   RO         9054    CL$$btod_div_common  c_w.l(btod.o)
    0x080072e8   0x000000c6   Code   RO         9051    CL$$btod_e2e        c_w.l(btod.o)
    0x080073ae   0x00000028   Code   RO         9048    CL$$btod_ediv       c_w.l(btod.o)
    0x080073d6   0x00000028   Code   RO         9047    CL$$btod_emul       c_w.l(btod.o)
    0x080073fe   0x00000244   Code   RO         9053    CL$$btod_mult_common  c_w.l(btod.o)
    0x08007642   0x00000004   Code   RO          469    i.BusFault_Handler  stm32f4xx_it.o
    0x08007646   0x00000002   PAD
    0x08007648   0x0000008c   Code   RO         1566    i.CAN1_Mode_Init    can.o
    0x080076d4   0x00000060   Code   RO         1568    i.CAN1_Send_Msg     can.o
    0x08007734   0x000002c8   Code   RO            4    i.CANTaskEntry      app.o
    0x080079fc   0x00000050   Code   RO         1776    i.Check_WKUP        wkup.o
    0x08007a4c   0x00000002   Code   RO          470    i.DebugMon_Handler  stm32f4xx_it.o
    0x08007a4e   0x0000000a   Code   RO          791    i.EXTI0_IRQHandler  exti.o
    0x08007a58   0x0000000c   Code   RO          792    i.EXTI15_10_IRQHandler  exti.o
    0x08007a64   0x0000000a   Code   RO          793    i.EXTI2_IRQHandler  exti.o
    0x08007a6e   0x0000000a   Code   RO          794    i.EXTI3_IRQHandler  exti.o
    0x08007a78   0x000000fc   Code   RO          795    i.EXTI_Init         exti.o
    0x08007b74   0x00000048   Code   RO         7447    i.FMC_NORSRAM_Extended_Timing_Init  stm32f4xx_ll_fmc.o
    0x08007bbc   0x00000080   Code   RO         7448    i.FMC_NORSRAM_Init  stm32f4xx_ll_fmc.o
    0x08007c3c   0x0000005e   Code   RO         7449    i.FMC_NORSRAM_Timing_Init  stm32f4xx_ll_fmc.o
    0x08007c9a   0x00000074   Code   RO         7459    i.FMC_SDRAM_Init    stm32f4xx_ll_fmc.o
    0x08007d0e   0x0000000e   Code   RO         7460    i.FMC_SDRAM_ProgramRefreshRate  stm32f4xx_ll_fmc.o
    0x08007d1c   0x00000052   Code   RO         7461    i.FMC_SDRAM_SendCommand  stm32f4xx_ll_fmc.o
    0x08007d6e   0x00000098   Code   RO         7463    i.FMC_SDRAM_Timing_Init  stm32f4xx_ll_fmc.o
    0x08007e06   0x00000002   PAD
    0x08007e08   0x0000012c   Code   RO         4112    i.HAL_CAN_ConfigFilter  stm32f4xx_hal_can.o
    0x08007f34   0x000001c0   Code   RO         4118    i.HAL_CAN_Init      stm32f4xx_hal_can.o
    0x080080f4   0x00000074   Code   RO         1569    i.HAL_CAN_MspInit   can.o
    0x08008168   0x00000260   Code   RO         4125    i.HAL_CAN_Transmit  stm32f4xx_hal_can.o
    0x080083c8   0x0000028c   Code   RO            5    i.HAL_GPIO_EXTI_Callback  app.o
    0x08008654   0x0000001c   Code   RO         4494    i.HAL_GPIO_EXTI_IRQHandler  stm32f4xx_hal_gpio.o
    0x08008670   0x0000021c   Code   RO         4495    i.HAL_GPIO_Init     stm32f4xx_hal_gpio.o
    0x0800888c   0x00000010   Code   RO         4497    i.HAL_GPIO_ReadPin  stm32f4xx_hal_gpio.o
    0x0800889c   0x0000000c   Code   RO         4499    i.HAL_GPIO_WritePin  stm32f4xx_hal_gpio.o
    0x080088a8   0x0000000c   Code   RO         3967    i.HAL_GetTick       stm32f4xx_hal.o
    0x080088b4   0x0000004c   Code   RO         4559    i.HAL_IWDG_Init     stm32f4xx_hal_iwdg.o
    0x08008900   0x00000002   Code   RO         4560    i.HAL_IWDG_MspInit  stm32f4xx_hal_iwdg.o
    0x08008902   0x00000064   Code   RO         4561    i.HAL_IWDG_Refresh  stm32f4xx_hal_iwdg.o
    0x08008966   0x00000038   Code   RO         4562    i.HAL_IWDG_Start    stm32f4xx_hal_iwdg.o
    0x0800899e   0x00000002   PAD
    0x080089a0   0x0000003c   Code   RO         3969    i.HAL_Init          stm32f4xx_hal.o
    0x080089dc   0x00000024   Code   RO         3970    i.HAL_InitTick      stm32f4xx_hal.o
    0x08008a00   0x0000005e   Code   RO         4608    i.HAL_LTDC_ConfigLayer  stm32f4xx_hal_ltdc.o
    0x08008a5e   0x00000002   PAD
    0x08008a60   0x00000128   Code   RO         4620    i.HAL_LTDC_Init     stm32f4xx_hal_ltdc.o
    0x08008b88   0x0000015c   Code   RO         1390    i.HAL_LTDC_MspInit  ltdc.o
    0x08008ce4   0x0000006c   Code   RO         4629    i.HAL_LTDC_SetWindowPosition  stm32f4xx_hal_ltdc.o
    0x08008d50   0x00000074   Code   RO         4630    i.HAL_LTDC_SetWindowSize  stm32f4xx_hal_ltdc.o
    0x08008dc4   0x00000002   Code   RO          440    i.HAL_MspInit       stm32f4xx_hal_msp.o
    0x08008dc6   0x00000002   PAD
    0x08008dc8   0x0000001c   Code   RO         4242    i.HAL_NVIC_DisableIRQ  stm32f4xx_hal_cortex.o
    0x08008de4   0x0000001a   Code   RO         4243    i.HAL_NVIC_EnableIRQ  stm32f4xx_hal_cortex.o
    0x08008dfe   0x0000007c   Code   RO         4249    i.HAL_NVIC_SetPriority  stm32f4xx_hal_cortex.o
    0x08008e7a   0x00000002   PAD
    0x08008e7c   0x00000028   Code   RO         4250    i.HAL_NVIC_SetPriorityGrouping  stm32f4xx_hal_cortex.o
    0x08008ea4   0x000000a4   Code   RO         4905    i.HAL_PWREx_EnableOverDrive  stm32f4xx_hal_pwr_ex.o
    0x08008f48   0x00000018   Code   RO         4786    i.HAL_PWR_EnableBkUpAccess  stm32f4xx_hal_pwr.o
    0x08008f60   0x00000010   Code   RO         4790    i.HAL_PWR_EnableWakeUpPin  stm32f4xx_hal_pwr.o
    0x08008f70   0x00000028   Code   RO         4792    i.HAL_PWR_EnterSTANDBYMode  stm32f4xx_hal_pwr.o
    0x08008f98   0x00000368   Code   RO         5077    i.HAL_RCCEx_PeriphCLKConfig  stm32f4xx_hal_rcc_ex.o
    0x08009300   0x000002b0   Code   RO         4972    i.HAL_RCC_ClockConfig  stm32f4xx_hal_rcc.o
    0x080095b0   0x00000038   Code   RO         4977    i.HAL_RCC_GetHCLKFreq  stm32f4xx_hal_rcc.o
    0x080095e8   0x0000002c   Code   RO         4979    i.HAL_RCC_GetPCLK1Freq  stm32f4xx_hal_rcc.o
    0x08009614   0x0000002c   Code   RO         4980    i.HAL_RCC_GetPCLK2Freq  stm32f4xx_hal_rcc.o
    0x08009640   0x000000b4   Code   RO         4981    i.HAL_RCC_GetSysClockFreq  stm32f4xx_hal_rcc.o
    0x080096f4   0x00000408   Code   RO         4984    i.HAL_RCC_OscConfig  stm32f4xx_hal_rcc.o
    0x08009afc   0x00000002   Code   RO         5250    i.HAL_RTCEx_AlarmBEventCallback  stm32f4xx_hal_rtc_ex.o
    0x08009afe   0x00000012   Code   RO         5251    i.HAL_RTCEx_BKUPRead  stm32f4xx_hal_rtc_ex.o
    0x08009b10   0x00000012   Code   RO         5252    i.HAL_RTCEx_BKUPWrite  stm32f4xx_hal_rtc_ex.o
    0x08009b22   0x00000002   PAD
    0x08009b24   0x0000012c   Code   RO         5278    i.HAL_RTCEx_SetWakeUpTimer_IT  stm32f4xx_hal_rtc_ex.o
    0x08009c50   0x00000018   Code   RO         1085    i.HAL_RTCEx_WakeUpTimerEventCallback  rtc.o
    0x08009c68   0x00000040   Code   RO         5284    i.HAL_RTCEx_WakeUpTimerIRQHandler  stm32f4xx_hal_rtc_ex.o
    0x08009ca8   0x00000018   Code   RO         1086    i.HAL_RTC_AlarmAEventCallback  rtc.o
    0x08009cc0   0x0000006c   Code   RO         5113    i.HAL_RTC_AlarmIRQHandler  stm32f4xx_hal_rtc.o
    0x08009d2c   0x0000004c   Code   RO         5117    i.HAL_RTC_GetDate   stm32f4xx_hal_rtc.o
    0x08009d78   0x00000060   Code   RO         5119    i.HAL_RTC_GetTime   stm32f4xx_hal_rtc.o
    0x08009dd8   0x000000b4   Code   RO         5120    i.HAL_RTC_Init      stm32f4xx_hal_rtc.o
    0x08009e8c   0x0000005c   Code   RO         1087    i.HAL_RTC_MspInit   rtc.o
    0x08009ee8   0x00000114   Code   RO         5126    i.HAL_RTC_SetDate   stm32f4xx_hal_rtc.o
    0x08009ffc   0x00000134   Code   RO         5127    i.HAL_RTC_SetTime   stm32f4xx_hal_rtc.o
    0x0800a130   0x0000003a   Code   RO         5128    i.HAL_RTC_WaitForSynchro  stm32f4xx_hal_rtc.o
    0x0800a16a   0x00000040   Code   RO         5484    i.HAL_SDRAM_Init    stm32f4xx_hal_sdram.o
    0x0800a1aa   0x00000002   PAD
    0x0800a1ac   0x00000134   Code   RO         1508    i.HAL_SDRAM_MspInit  sdram.o
    0x0800a2e0   0x00000028   Code   RO         5487    i.HAL_SDRAM_ProgramRefreshRate  stm32f4xx_hal_sdram.o
    0x0800a308   0x0000003a   Code   RO         5493    i.HAL_SDRAM_SendCommand  stm32f4xx_hal_sdram.o
    0x0800a342   0x00000058   Code   RO         5900    i.HAL_SRAM_Init     stm32f4xx_hal_sram.o
    0x0800a39a   0x00000002   PAD
    0x0800a39c   0x000000a4   Code   RO         1169    i.HAL_SRAM_MspInit  lcd.o
    0x0800a440   0x00000028   Code   RO         4252    i.HAL_SYSTICK_CLKSourceConfig  stm32f4xx_hal_cortex.o
    0x0800a468   0x00000034   Code   RO         4254    i.HAL_SYSTICK_Config  stm32f4xx_hal_cortex.o
    0x0800a49c   0x00000002   Code   RO         6657    i.HAL_TIMEx_BreakCallback  stm32f4xx_hal_tim_ex.o
    0x0800a49e   0x00000002   Code   RO         6658    i.HAL_TIMEx_CommutationCallback  stm32f4xx_hal_tim_ex.o
    0x0800a4a0   0x00000034   Code   RO         6018    i.HAL_TIM_Base_Init  stm32f4xx_hal_tim.o
    0x0800a4d4   0x00000084   Code   RO          921    i.HAL_TIM_Base_MspInit  timer.o
    0x0800a558   0x0000001e   Code   RO         6023    i.HAL_TIM_Base_Start_IT  stm32f4xx_hal_tim.o
    0x0800a576   0x00000002   PAD
    0x0800a578   0x000000e0   Code   RO          922    i.HAL_TIM_IC_CaptureCallback  timer.o
    0x0800a658   0x000000e0   Code   RO         6048    i.HAL_TIM_IC_ConfigChannel  stm32f4xx_hal_tim.o
    0x0800a738   0x00000034   Code   RO         6051    i.HAL_TIM_IC_Init   stm32f4xx_hal_tim.o
    0x0800a76c   0x000000f8   Code   RO          923    i.HAL_TIM_IC_MspInit  timer.o
    0x0800a864   0x00000020   Code   RO         6054    i.HAL_TIM_IC_Start  stm32f4xx_hal_tim.o
    0x0800a884   0x00000196   Code   RO         6060    i.HAL_TIM_IRQHandler  stm32f4xx_hal_tim.o
    0x0800aa1a   0x00000002   Code   RO         6063    i.HAL_TIM_OC_DelayElapsedCallback  stm32f4xx_hal_tim.o
    0x0800aa1c   0x00000002   Code   RO         6090    i.HAL_TIM_PWM_PulseFinishedCallback  stm32f4xx_hal_tim.o
    0x0800aa1e   0x00000002   PAD
    0x0800aa20   0x00000074   Code   RO            6    i.HAL_TIM_PeriodElapsedCallback  app.o
    0x0800aa94   0x00000054   Code   RO         6098    i.HAL_TIM_ReadCapturedValue  stm32f4xx_hal_tim.o
    0x0800aae8   0x00000002   Code   RO         6101    i.HAL_TIM_TriggerCallback  stm32f4xx_hal_tim.o
    0x0800aaea   0x00000002   Code   RO         6908    i.HAL_UART_ErrorCallback  stm32f4xx_hal_uart.o
    0x0800aaec   0x00000008   Code   RO         6910    i.HAL_UART_GetState  stm32f4xx_hal_uart.o
    0x0800aaf4   0x00000130   Code   RO         6911    i.HAL_UART_IRQHandler  stm32f4xx_hal_uart.o
    0x0800ac24   0x0000006e   Code   RO         6912    i.HAL_UART_Init     stm32f4xx_hal_uart.o
    0x0800ac92   0x00000002   PAD
    0x0800ac94   0x00000090   Code   RO          726    i.HAL_UART_MspInit  usart.o
    0x0800ad24   0x00000086   Code   RO         6917    i.HAL_UART_Receive_IT  stm32f4xx_hal_uart.o
    0x0800adaa   0x00000002   PAD
    0x0800adac   0x00000088   Code   RO          727    i.HAL_UART_RxCpltCallback  usart.o
    0x0800ae34   0x00000002   Code   RO         6923    i.HAL_UART_TxCpltCallback  stm32f4xx_hal_uart.o
    0x0800ae36   0x00000032   Code   RO         7363    i.HAL_WWDG_IRQHandler  stm32f4xx_hal_wwdg.o
    0x0800ae68   0x00000036   Code   RO         7367    i.HAL_WWDG_Refresh  stm32f4xx_hal_wwdg.o
    0x0800ae9e   0x00000002   PAD
    0x0800aea0   0x0000002c   Code   RO          873    i.HAL_WWDG_WakeupCallback  wwdg.o
    0x0800aecc   0x00000004   Code   RO          471    i.HardFault_Handler  stm32f4xx_it.o
    0x0800aed0   0x00000050   Code   RO         1710    i.IIC_Ack           myiic.o
    0x0800af20   0x0000005c   Code   RO         1711    i.IIC_Init          myiic.o
    0x0800af7c   0x00000050   Code   RO         1712    i.IIC_NAck          myiic.o
    0x0800afcc   0x0000006c   Code   RO         1713    i.IIC_Read_Byte     myiic.o
    0x0800b038   0x00000068   Code   RO         1714    i.IIC_Send_Byte     myiic.o
    0x0800b0a0   0x0000004c   Code   RO         1715    i.IIC_Start         myiic.o
    0x0800b0ec   0x0000004c   Code   RO         1716    i.IIC_Stop          myiic.o
    0x0800b138   0x00000060   Code   RO         1717    i.IIC_Wait_Ack      myiic.o
    0x0800b198   0x00000010   Code   RO          839    i.IWDG_Feed         iwdg.o
    0x0800b1a8   0x00000028   Code   RO          840    i.IWDG_Init         iwdg.o
    0x0800b1d0   0x000000b4   Code   RO          671    i.KEY_Init          key.o
    0x0800b284   0x00000680   Code   RO            7    i.LCDTaskEntry      app.o
    0x0800b904   0x00000048   Code   RO         1171    i.LCD_Clear         lcd.o
    0x0800b94c   0x00000180   Code   RO         1175    i.LCD_Display_Dir   lcd.o
    0x0800bacc   0x00000124   Code   RO         1180    i.LCD_Fast_DrawPoint  lcd.o
    0x0800bbf0   0x00000070   Code   RO         1181    i.LCD_Fill          lcd.o
    0x0800bc60   0x00002464   Code   RO         1182    i.LCD_Init          lcd.o
    0x0800e0c4   0x00000016   Code   RO         1183    i.LCD_Pow           lcd.o
    0x0800e0da   0x00000002   PAD
    0x0800e0dc   0x00000014   Code   RO         1184    i.LCD_RD_DATA       lcd.o
    0x0800e0f0   0x00000060   Code   RO         1187    i.LCD_SSD_BackLightSet  lcd.o
    0x0800e150   0x00000274   Code   RO         1188    i.LCD_Scan_Dir      lcd.o
    0x0800e3c4   0x00000138   Code   RO         1189    i.LCD_SetCursor     lcd.o
    0x0800e4fc   0x0000013c   Code   RO         1191    i.LCD_ShowChar      lcd.o
    0x0800e638   0x00000094   Code   RO         1192    i.LCD_ShowNum       lcd.o
    0x0800e6cc   0x00000066   Code   RO         1193    i.LCD_ShowString    lcd.o
    0x0800e732   0x00000002   PAD
    0x0800e734   0x00000018   Code   RO         1195    i.LCD_WR_DATA       lcd.o
    0x0800e74c   0x00000018   Code   RO         1196    i.LCD_WR_REG        lcd.o
    0x0800e764   0x00000014   Code   RO         1198    i.LCD_WriteRAM_Prepare  lcd.o
    0x0800e778   0x00000010   Code   RO         1199    i.LCD_WriteReg      lcd.o
    0x0800e788   0x0000005c   Code   RO          702    i.LED_Init          led.o
    0x0800e7e4   0x00000024   Code   RO         1391    i.LTDC_Clear        ltdc.o
    0x0800e808   0x00000026   Code   RO         1392    i.LTDC_Clk_Set      ltdc.o
    0x0800e82e   0x00000002   PAD
    0x0800e830   0x0000002c   Code   RO         1394    i.LTDC_Display_Dir  ltdc.o
    0x0800e85c   0x00000050   Code   RO         1395    i.LTDC_Draw_Point   ltdc.o
    0x0800e8ac   0x00000164   Code   RO         1396    i.LTDC_Fill         ltdc.o
    0x0800ea10   0x00000238   Code   RO         1397    i.LTDC_Init         ltdc.o
    0x0800ec48   0x0000007c   Code   RO         1398    i.LTDC_Layer_Parameter_Config  ltdc.o
    0x0800ecc4   0x00000050   Code   RO         1399    i.LTDC_Layer_Switch  ltdc.o
    0x0800ed14   0x00000030   Code   RO         1400    i.LTDC_Layer_Window_Config  ltdc.o
    0x0800ed44   0x000000d0   Code   RO         1401    i.LTDC_PanelID_Read  ltdc.o
    0x0800ee14   0x0000000c   Code   RO         1403    i.LTDC_Select_Layer  ltdc.o
    0x0800ee20   0x00000212   Code   RO         4631    i.LTDC_SetConfig    stm32f4xx_hal_ltdc.o
    0x0800f032   0x00000002   PAD
    0x0800f034   0x00000114   Code   RO            8    i.MPUTaskEntry      app.o
    0x0800f148   0x00000050   Code   RO         1612    i.MPU_Get_Accelerometer  mpu9250.o
    0x0800f198   0x00000050   Code   RO         1613    i.MPU_Get_Gyroscope  mpu9250.o
    0x0800f1e8   0x00000084   Code   RO         1615    i.MPU_Get_Temperature  mpu9250.o
    0x0800f26c   0x00000074   Code   RO         1617    i.MPU_Read_Len      mpu9250.o
    0x0800f2e0   0x00000060   Code   RO         1623    i.MPU_Write_Len     mpu9250.o
    0x0800f340   0x00000004   Code   RO          472    i.MemManage_Handler  stm32f4xx_it.o
    0x0800f344   0x00000002   Code   RO          473    i.NMI_Handler       stm32f4xx_it.o
    0x0800f346   0x00000002   PAD
    0x0800f348   0x00000010   Code   RO         4256    i.NVIC_GetPriorityGrouping  stm32f4xx_hal_cortex.o
    0x0800f358   0x00000028   Code   RO         4257    i.NVIC_SetPriority  stm32f4xx_hal_cortex.o
    0x0800f380   0x00000010   Code   RO         1088    i.RTC_Alarm_IRQHandler  rtc.o
    0x0800f390   0x00000016   Code   RO         5129    i.RTC_Bcd2ToByte    stm32f4xx_hal_rtc.o
    0x0800f3a6   0x0000001a   Code   RO         5130    i.RTC_ByteToBcd2    stm32f4xx_hal_rtc.o
    0x0800f3c0   0x0000003e   Code   RO         5131    i.RTC_EnterInitMode  stm32f4xx_hal_rtc.o
    0x0800f3fe   0x00000002   PAD
    0x0800f400   0x00000068   Code   RO         1089    i.RTC_Init          rtc.o
    0x0800f468   0x0000002c   Code   RO         1091    i.RTC_Set_Date      rtc.o
    0x0800f494   0x00000034   Code   RO         1092    i.RTC_Set_Time      rtc.o
    0x0800f4c8   0x0000003c   Code   RO         1093    i.RTC_Set_WakeUp    rtc.o
    0x0800f504   0x00000010   Code   RO         1094    i.RTC_WKUP_IRQHandler  rtc.o
    0x0800f514   0x00000068   Code   RO         1509    i.SDRAM_Init        sdram.o
    0x0800f57c   0x00000054   Code   RO         1510    i.SDRAM_Initialization_Sequence  sdram.o
    0x0800f5d0   0x00000048   Code   RO         1511    i.SDRAM_Send_Cmd    sdram.o
    0x0800f618   0x00000002   Code   RO          474    i.SVC_Handler       stm32f4xx_it.o
    0x0800f61a   0x00000002   PAD
    0x0800f61c   0x000000b8   Code   RO         3925    i.Stm32_Clock_Init  sys.o
    0x0800f6d4   0x00000014   Code   RO         7681    i.SysTick_Handler   vcpu.o
    0x0800f6e8   0x00000110   Code   RO         1777    i.Sys_Enter_Standby  wkup.o
    0x0800f7f8   0x00000064   Code   RO          536    i.SystemInit        system_stm32f4xx.o
    0x0800f85c   0x00000044   Code   RO         1024    i.TIM2_CH1_Cap_Init  tpad.o
    0x0800f8a0   0x00000010   Code   RO          925    i.TIM3_IRQHandler   timer.o
    0x0800f8b0   0x0000002c   Code   RO          926    i.TIM3_Init         timer.o
    0x0800f8dc   0x00000010   Code   RO          928    i.TIM4_IRQHandler   timer.o
    0x0800f8ec   0x0000002c   Code   RO          929    i.TIM4_Init         timer.o
    0x0800f918   0x00000010   Code   RO          931    i.TIM5_IRQHandler   timer.o
    0x0800f928   0x000000e4   Code   RO         6102    i.TIM_Base_SetConfig  stm32f4xx_hal_tim.o
    0x0800fa0c   0x0000001c   Code   RO         6103    i.TIM_CCxChannelCmd  stm32f4xx_hal_tim.o
    0x0800fa28   0x00000098   Code   RO         6117    i.TIM_TI1_SetConfig  stm32f4xx_hal_tim.o
    0x0800fac0   0x0000003e   Code   RO         6119    i.TIM_TI2_SetConfig  stm32f4xx_hal_tim.o
    0x0800fafe   0x0000003c   Code   RO         6120    i.TIM_TI3_SetConfig  stm32f4xx_hal_tim.o
    0x0800fb3a   0x00000040   Code   RO         6121    i.TIM_TI4_SetConfig  stm32f4xx_hal_tim.o
    0x0800fb7a   0x00000002   PAD
    0x0800fb7c   0x0000005c   Code   RO         1025    i.TPAD_Get_MaxVal   tpad.o
    0x0800fbd8   0x0000003c   Code   RO         1026    i.TPAD_Get_Val      tpad.o
    0x0800fc14   0x000000b0   Code   RO         1027    i.TPAD_Init         tpad.o
    0x0800fcc4   0x00000060   Code   RO         1028    i.TPAD_Reset        tpad.o
    0x0800fd24   0x00000078   Code   RO         1029    i.TPAD_Scan         tpad.o
    0x0800fd9c   0x00000030   Code   RO         6930    i.UART_EndTransmit_IT  stm32f4xx_hal_uart.o
    0x0800fdcc   0x000000bc   Code   RO         6931    i.UART_Receive_IT   stm32f4xx_hal_uart.o
    0x0800fe88   0x00000224   Code   RO         6932    i.UART_SetConfig    stm32f4xx_hal_uart.o
    0x080100ac   0x00000070   Code   RO         6933    i.UART_Transmit_IT  stm32f4xx_hal_uart.o
    0x0801011c   0x00000040   Code   RO          728    i.USART1_IRQHandler  usart.o
    0x0801015c   0x000000a8   Code   RO            9    i.USARTTaskEntry    app.o
    0x08010204   0x00000004   Code   RO          475    i.UsageFault_Handler  stm32f4xx_it.o
    0x08010208   0x00000054   Code   RO         1778    i.WKUP_Init         wkup.o
    0x0801025c   0x00000010   Code   RO          874    i.WWDG_IRQHandler   wwdg.o
    0x0801026c   0x000000ca   Code   RO         2480    i._MLPrintLog       log_stm32.o
    0x08010336   0x00000030   Code   RO         8964    i.__ARM_fpclassify  m_wm.l(fpclassify.o)
    0x08010366   0x00000026   Code   RO         8966    i.__ARM_fpclassifyf  m_wm.l(fpclassifyf.o)
    0x0801038c   0x00000118   Code   RO         8676    i.__hardfp_acosf    m_wm.l(acosf.o)
    0x080104a4   0x00000250   Code   RO         8740    i.__hardfp_atan2f   m_wm.l(atan2f.o)
    0x080106f4   0x00000004   PAD
    0x080106f8   0x000000c8   Code   RO         8758    i.__hardfp_cos      m_wm.l(cos.o)
    0x080107c0   0x00000150   Code   RO         8770    i.__hardfp_cosf     m_wm.l(cosf.o)
    0x08010910   0x00000014   Code   RO         8782    i.__hardfp_fabs     m_wm.l(fabs.o)
    0x08010924   0x00000004   PAD
    0x08010928   0x000003c4   Code   RO         8794    i.__hardfp_log      m_wm.l(log.o)
    0x08010cec   0x00000190   Code   RO         8834    i.__hardfp_sinf     m_wm.l(sinf.o)
    0x08010e7c   0x0000007a   Code   RO         8846    i.__hardfp_sqrt     m_wm.l(sqrt.o)
    0x08010ef6   0x0000003a   Code   RO         8858    i.__hardfp_sqrtf    m_wm.l(sqrtf.o)
    0x08010f30   0x00000438   Code   RO         8985    i.__ieee754_rem_pio2  m_wm.l(rred.o)
    0x08011368   0x00000170   Code   RO         8947    i.__kernel_cos      m_wm.l(cos_i.o)
    0x080114d8   0x000000f8   Code   RO         8982    i.__kernel_poly     m_wm.l(poly.o)
    0x080115d0   0x00000130   Code   RO         8993    i.__kernel_sin      m_wm.l(sin_i.o)
    0x08011700   0x00000030   Code   RO         8950    i.__mathlib_dbl_divzero  m_wm.l(dunder.o)
    0x08011730   0x00000014   Code   RO         8951    i.__mathlib_dbl_infnan  m_wm.l(dunder.o)
    0x08011744   0x00000004   PAD
    0x08011748   0x00000020   Code   RO         8953    i.__mathlib_dbl_invalid  m_wm.l(dunder.o)
    0x08011768   0x00000020   Code   RO         8956    i.__mathlib_dbl_underflow  m_wm.l(dunder.o)
    0x08011788   0x00000006   Code   RO         8969    i.__mathlib_flt_infnan  m_wm.l(funder.o)
    0x0801178e   0x00000006   Code   RO         8970    i.__mathlib_flt_infnan2  m_wm.l(funder.o)
    0x08011794   0x00000010   Code   RO         8971    i.__mathlib_flt_invalid  m_wm.l(funder.o)
    0x080117a4   0x00000010   Code   RO         8974    i.__mathlib_flt_underflow  m_wm.l(funder.o)
    0x080117b4   0x00000154   Code   RO         8990    i.__mathlib_rredf2  m_wm.l(rredf.o)
    0x08011908   0x00000034   Code   RO         3535    i.__print_result_location  mpl.o
    0x0801193c   0x0000000e   Code   RO         8586    i._is_digit         c_w.l(__printf_wp.o)
    0x0801194a   0x00000004   Code   RO          729    i._sys_exit         usart.o
    0x0801194e   0x00000002   PAD
    0x08011950   0x00000614   Code   RO         1812    i.accel_6500_self_test  inv_mpu.o
    0x08011f64   0x000000d0   Code   RO         7776    i.checkCPUUsage     vidaos.o
    0x08012034   0x0000014c   Code   RO         1813    i.compass_self_test  inv_mpu.o
    0x08012180   0x00000038   Code   RO         7777    i.cpuUsageStatInit  vidaos.o
    0x080121b8   0x00000010   Code   RO         7778    i.cpuUsageSyncWithSysTick  vidaos.o
    0x080121c8   0x00000064   Code   RO         2286    i.decode_gesture    inv_mpu_dmp_motion_driver.o
    0x0801222c   0x00000014   Code   RO         3886    i.delay_init        delay.o
    0x08012240   0x00000018   Code   RO         3887    i.delay_ms          delay.o
    0x08012258   0x00000048   Code   RO         3888    i.delay_us          delay.o
    0x080122a0   0x0000003c   Code   RO         2287    i.dmp_enable_6x_lp_quat  inv_mpu_dmp_motion_driver.o
    0x080122dc   0x0000021c   Code   RO         2288    i.dmp_enable_feature  inv_mpu_dmp_motion_driver.o
    0x080124f8   0x00000058   Code   RO         2289    i.dmp_enable_gyro_cal  inv_mpu_dmp_motion_driver.o
    0x08012550   0x0000003c   Code   RO         2290    i.dmp_enable_lp_quat  inv_mpu_dmp_motion_driver.o
    0x0801258c   0x00000018   Code   RO         2295    i.dmp_load_motion_driver_firmware  inv_mpu_dmp_motion_driver.o
    0x080125a4   0x000001cc   Code   RO         2296    i.dmp_read_fifo     inv_mpu_dmp_motion_driver.o
    0x08012770   0x00000130   Code   RO         2299    i.dmp_set_accel_bias  inv_mpu_dmp_motion_driver.o
    0x080128a0   0x00000070   Code   RO         2300    i.dmp_set_fifo_rate  inv_mpu_dmp_motion_driver.o
    0x08012910   0x00000130   Code   RO         2301    i.dmp_set_gyro_bias  inv_mpu_dmp_motion_driver.o
    0x08012a40   0x00000138   Code   RO         2303    i.dmp_set_orientation  inv_mpu_dmp_motion_driver.o
    0x08012b78   0x00000038   Code   RO         2306    i.dmp_set_shake_reject_thresh  inv_mpu_dmp_motion_driver.o
    0x08012bb0   0x00000026   Code   RO         2307    i.dmp_set_shake_reject_time  inv_mpu_dmp_motion_driver.o
    0x08012bd6   0x00000026   Code   RO         2308    i.dmp_set_shake_reject_timeout  inv_mpu_dmp_motion_driver.o
    0x08012bfc   0x00000046   Code   RO         2309    i.dmp_set_tap_axes  inv_mpu_dmp_motion_driver.o
    0x08012c42   0x00000026   Code   RO         2310    i.dmp_set_tap_count  inv_mpu_dmp_motion_driver.o
    0x08012c68   0x000001c0   Code   RO         2311    i.dmp_set_tap_thresh  inv_mpu_dmp_motion_driver.o
    0x08012e28   0x00000026   Code   RO         2312    i.dmp_set_tap_time  inv_mpu_dmp_motion_driver.o
    0x08012e4e   0x00000026   Code   RO         2313    i.dmp_set_tap_time_multi  inv_mpu_dmp_motion_driver.o
    0x08012e74   0x00000018   Code   RO         8784    i.fabs              m_wm.l(fabs.o)
    0x08012e8c   0x0000001c   Code   RO          730    i.fputc             usart.o
    0x08012ea8   0x00000670   Code   RO         1814    i.get_st_6500_biases  inv_mpu.o
    0x08013518   0x000005bc   Code   RO         1816    i.gyro_6500_self_test  inv_mpu.o
    0x08013ad4   0x00000030   Code   RO         7779    i.idleTaskEntry     vidaos.o
    0x08013b04   0x0000006a   Code   RO         2602    i.inv_apply_calibration  data_builder.o
    0x08013b6e   0x00000002   PAD
    0x08013b70   0x0000008c   Code   RO         2603    i.inv_build_accel   data_builder.o
    0x08013bfc   0x000000b0   Code   RO         2604    i.inv_build_compass  data_builder.o
    0x08013cac   0x00000038   Code   RO         2605    i.inv_build_gyro    data_builder.o
    0x08013ce4   0x0000002c   Code   RO         2607    i.inv_build_temp    data_builder.o
    0x08013d10   0x000000b0   Code   RO         3178    i.inv_compass_angle  ml_math_func.o
    0x08013dc0   0x00000072   Code   RO         3180    i.inv_convert_to_body_with_scale  ml_math_func.o
    0x08013e32   0x00000002   PAD
    0x08013e34   0x00000050   Code   RO         2609    i.inv_db_load_func  data_builder.o
    0x08013e84   0x00000018   Code   RO         2610    i.inv_db_save_func  data_builder.o
    0x08013e9c   0x00000010   Code   RO         2611    i.inv_disable_compass_soft_iron_matrix  data_builder.o
    0x08013eac   0x0000001c   Code   RO         2514    i.inv_enable_eMPL_outputs  empl_outputs.o
    0x08013ec8   0x00000020   Code   RO         3573    i.inv_enable_results_holder  results_holder.o
    0x08013ee8   0x0000002c   Code   RO         3808    i.inv_execute_mpl_start_notification  start_manager.o
    0x08013f14   0x000000a0   Code   RO         2613    i.inv_execute_on_data  data_builder.o
    0x08013fb4   0x000000f0   Code   RO         2515    i.inv_generate_eMPL_outputs  empl_outputs.o
    0x080140a4   0x00000010   Code   RO         3574    i.inv_generate_results  results_holder.o
    0x080140b4   0x00000018   Code   RO         3575    i.inv_get_6axis_quaternion  results_holder.o
    0x080140cc   0x0000000c   Code   RO         3576    i.inv_get_acc_state  results_holder.o
    0x080140d8   0x0000000c   Code   RO         2614    i.inv_get_accel_accuracy  data_builder.o
    0x080140e4   0x00000010   Code   RO         2616    i.inv_get_accel_on  data_builder.o
    0x080140f4   0x0000002c   Code   RO         2620    i.inv_get_accel_set  data_builder.o
    0x08014120   0x00000018   Code   RO         2621    i.inv_get_compass_bias  data_builder.o
    0x08014138   0x00000018   Code   RO         3580    i.inv_get_compass_correction  results_holder.o
    0x08014150   0x00000010   Code   RO         2623    i.inv_get_compass_on  data_builder.o
    0x08014160   0x0000001c   Code   RO         2630    i.inv_get_compass_soft_iron_output_data  data_builder.o
    0x0801417c   0x0000000c   Code   RO         3581    i.inv_get_compass_state  results_holder.o
    0x08014188   0x00000060   Code   RO         3582    i.inv_get_gravity   results_holder.o
    0x080141e8   0x00000010   Code   RO         2631    i.inv_get_gyro      data_builder.o
    0x080141f8   0x0000000c   Code   RO         2632    i.inv_get_gyro_accuracy  data_builder.o
    0x08014204   0x00000024   Code   RO         2633    i.inv_get_gyro_bias  data_builder.o
    0x08014228   0x00000020   Code   RO         2634    i.inv_get_gyro_bias_tc_set  data_builder.o
    0x08014248   0x00000010   Code   RO         2635    i.inv_get_gyro_on   data_builder.o
    0x08014258   0x0000001c   Code   RO         3184    i.inv_get_gyro_sum_of_sqr  ml_math_func.o
    0x08014274   0x0000000c   Code   RO         3585    i.inv_get_large_mag_field  results_holder.o
    0x08014280   0x00000068   Code   RO         2641    i.inv_get_last_timestamp  data_builder.o
    0x080142e8   0x0000003c   Code   RO         3586    i.inv_get_linear_accel  results_holder.o
    0x08014324   0x00000044   Code   RO         3587    i.inv_get_linear_accel_float  results_holder.o
    0x08014368   0x00000010   Code   RO         3588    i.inv_get_local_field  results_holder.o
    0x08014378   0x0000001c   Code   RO         2642    i.inv_get_mag_accuracy  data_builder.o
    0x08014394   0x00000014   Code   RO         3590    i.inv_get_motion_state  results_holder.o
    0x080143a8   0x0000003c   Code   RO         3591    i.inv_get_quaternion  results_holder.o
    0x080143e4   0x00000044   Code   RO         3593    i.inv_get_quaternion_set  results_holder.o
    0x08014428   0x00000268   Code   RO         2518    i.inv_get_sensor_type_euler  empl_outputs.o
    0x08014690   0x00000070   Code   RO         3054    i.inv_get_sensor_type_gravity  hal_outputs.o
    0x08014700   0x0000000c   Code   RO         3595    i.inv_got_compass_bias  results_holder.o
    0x0801470c   0x0000003c   Code   RO         2645    i.inv_init_data_builder  data_builder.o
    0x08014748   0x00000014   Code   RO         2523    i.inv_init_eMPL_outputs  empl_outputs.o
    0x0801475c   0x00000090   Code   RO         3537    i.inv_init_mpl      mpl.o
    0x080147ec   0x0000003c   Code   RO         3596    i.inv_init_results_holder  results_holder.o
    0x08014828   0x00000014   Code   RO         3809    i.inv_init_start_manager  start_manager.o
    0x0801483c   0x00000018   Code   RO         3842    i.inv_init_storage_manager  storage_manager.o
    0x08014854   0x00000028   Code   RO         3193    i.inv_orientation_matrix_to_scalar  ml_math_func.o
    0x0801487c   0x00000012   Code   RO         3194    i.inv_q29_mult      ml_math_func.o
    0x0801488e   0x00000012   Code   RO         3196    i.inv_q30_mult      ml_math_func.o
    0x080148a0   0x00000018   Code   RO         3198    i.inv_q30_to_float  ml_math_func.o
    0x080148b8   0x00000024   Code   RO         3199    i.inv_q_add         ml_math_func.o
    0x080148dc   0x00000042   Code   RO         3200    i.inv_q_addf        ml_math_func.o
    0x0801491e   0x00000018   Code   RO         3201    i.inv_q_invert      ml_math_func.o
    0x08014936   0x0000002e   Code   RO         3202    i.inv_q_invertf     ml_math_func.o
    0x08014964   0x000000b2   Code   RO         3203    i.inv_q_mult        ml_math_func.o
    0x08014a16   0x000000d2   Code   RO         3204    i.inv_q_multf       ml_math_func.o
    0x08014ae8   0x000000a8   Code   RO         3205    i.inv_q_norm4       ml_math_func.o
    0x08014b90   0x00000134   Code   RO         3207    i.inv_q_normalizef  ml_math_func.o
    0x08014cc4   0x00000042   Code   RO         3208    i.inv_q_rotate      ml_math_func.o
    0x08014d06   0x000000da   Code   RO         3210    i.inv_quaternion_to_rotation  ml_math_func.o
    0x08014de0   0x000000f8   Code   RO         2648    i.inv_register_data_cb  data_builder.o
    0x08014ed8   0x00000090   Code   RO         3844    i.inv_register_load_store  storage_manager.o
    0x08014f68   0x0000002c   Code   RO         3810    i.inv_register_mpl_start_notification  start_manager.o
    0x08014f94   0x00000058   Code   RO         2649    i.inv_reset_compass_soft_iron_matrix  data_builder.o
    0x08014fec   0x0000004e   Code   RO         3212    i.inv_row_2_scale   ml_math_func.o
    0x0801503a   0x00000002   PAD
    0x0801503c   0x00000024   Code   RO         2650    i.inv_set_accel_accuracy  data_builder.o
    0x08015060   0x0000000c   Code   RO         3599    i.inv_set_accel_bias_found  results_holder.o
    0x0801506c   0x00000060   Code   RO         2653    i.inv_set_accel_bias_mask  data_builder.o
    0x080150cc   0x00000018   Code   RO         2654    i.inv_set_accel_orientation_and_scale  data_builder.o
    0x080150e4   0x0000002c   Code   RO         2655    i.inv_set_accel_sample_rate  data_builder.o
    0x08015110   0x0000004c   Code   RO         2657    i.inv_set_compass_bias  data_builder.o
    0x0801515c   0x00000014   Code   RO         3600    i.inv_set_compass_bias_error  results_holder.o
    0x08015170   0x0000000c   Code   RO         3601    i.inv_set_compass_bias_found  results_holder.o
    0x0801517c   0x00000024   Code   RO         3602    i.inv_set_compass_correction  results_holder.o
    0x080151a0   0x0000000c   Code   RO         2658    i.inv_set_compass_disturbance  data_builder.o
    0x080151ac   0x00000018   Code   RO         2659    i.inv_set_compass_orientation_and_scale  data_builder.o
    0x080151c4   0x00000030   Code   RO         2660    i.inv_set_compass_sample_rate  data_builder.o
    0x080151f4   0x00000054   Code   RO         2661    i.inv_set_compass_soft_iron_input_data  data_builder.o
    0x08015248   0x0000000c   Code   RO         3603    i.inv_set_compass_state  results_holder.o
    0x08015254   0x00000120   Code   RO         2664    i.inv_set_contiguous  data_builder.o
    0x08015374   0x00000074   Code   RO         2666    i.inv_set_gyro_bias  data_builder.o
    0x080153e8   0x00000018   Code   RO         2667    i.inv_set_gyro_orientation_and_scale  data_builder.o
    0x08015400   0x00000028   Code   RO         2668    i.inv_set_gyro_sample_rate  data_builder.o
    0x08015428   0x0000001c   Code   RO         3153    i.inv_set_message   message_layer.o
    0x08015444   0x00000050   Code   RO         3608    i.inv_set_motion_state  results_holder.o
    0x08015494   0x00000014   Code   RO         2524    i.inv_start_eMPL_outputs  empl_outputs.o
    0x080154a8   0x0000004c   Code   RO         3538    i.inv_start_mpl     mpl.o
    0x080154f4   0x00000018   Code   RO         3609    i.inv_start_results_holder  results_holder.o
    0x0801550c   0x00000024   Code   RO         3610    i.inv_store_gaming_quaternion  results_holder.o
    0x08015530   0x00000064   Code   RO         2671    i.inv_unregister_data_cb  data_builder.o
    0x08015594   0x00000060   Code   RO         3811    i.inv_unregister_mpl_start_notification  start_manager.o
    0x080155f4   0x00000040   Code   RO          411    i.main              main.o
    0x08015634   0x00000002   Code   RO         1818    i.mget_ms           inv_mpu.o
    0x08015636   0x0000003e   Code   RO         3217    i.mlMatrixVectorMult  ml_math_func.o
    0x08015674   0x0000008c   Code   RO           10    i.mpu6050_send_data  app.o
    0x08015700   0x00000070   Code   RO         1819    i.mpu_configure_fifo  inv_mpu.o
    0x08015770   0x0000016c   Code   RO         1821    i.mpu_dmp_init      inv_mpu.o
    0x080158dc   0x0000004c   Code   RO         1822    i.mpu_get_accel_fsr  inv_mpu.o
    0x08015928   0x00000054   Code   RO         1824    i.mpu_get_accel_sens  inv_mpu.o
    0x0801597c   0x00000014   Code   RO         1825    i.mpu_get_compass_fsr  inv_mpu.o
    0x08015990   0x000000d0   Code   RO         1826    i.mpu_get_compass_reg  inv_mpu.o
    0x08015a60   0x00000010   Code   RO         1829    i.mpu_get_fifo_config  inv_mpu.o
    0x08015a70   0x00000044   Code   RO         1830    i.mpu_get_gyro_fsr  inv_mpu.o
    0x08015ab4   0x00000060   Code   RO         1832    i.mpu_get_gyro_sens  inv_mpu.o
    0x08015b14   0x00000050   Code   RO         1834    i.mpu_get_lpf       inv_mpu.o
    0x08015b64   0x00000020   Code   RO         1836    i.mpu_get_sample_rate  inv_mpu.o
    0x08015b84   0x0000009c   Code   RO         1837    i.mpu_get_temperature  inv_mpu.o
    0x08015c20   0x0000012c   Code   RO         1838    i.mpu_init          inv_mpu.o
    0x08015d4c   0x000000b8   Code   RO         1839    i.mpu_load_firmware  inv_mpu.o
    0x08015e04   0x0000011c   Code   RO         1840    i.mpu_lp_accel_mode  inv_mpu.o
    0x08015f20   0x000000f0   Code   RO         1842    i.mpu_mpl_get_data  inv_mpu.o
    0x08016010   0x000000c0   Code   RO         1847    i.mpu_read_fifo_stream  inv_mpu.o
    0x080160d0   0x00000080   Code   RO         1848    i.mpu_read_mem      inv_mpu.o
    0x08016150   0x000001c8   Code   RO         1851    i.mpu_reset_fifo    inv_mpu.o
    0x08016318   0x0000029c   Code   RO         1852    i.mpu_run_6500_self_test  inv_mpu.o
    0x080165b4   0x00000084   Code   RO         1856    i.mpu_set_accel_fsr  inv_mpu.o
    0x08016638   0x0000014c   Code   RO         1857    i.mpu_set_bypass    inv_mpu.o
    0x08016784   0x00000060   Code   RO         1858    i.mpu_set_compass_sample_rate  inv_mpu.o
    0x080167e4   0x00000090   Code   RO         1859    i.mpu_set_dmp_state  inv_mpu.o
    0x08016874   0x00000088   Code   RO         1861    i.mpu_set_gyro_fsr  inv_mpu.o
    0x080168fc   0x0000006c   Code   RO         1862    i.mpu_set_int_latched  inv_mpu.o
    0x08016968   0x00000084   Code   RO         1864    i.mpu_set_lpf       inv_mpu.o
    0x080169ec   0x000000b4   Code   RO         1865    i.mpu_set_sample_rate  inv_mpu.o
    0x08016aa0   0x00000168   Code   RO         1866    i.mpu_set_sensors   inv_mpu.o
    0x08016c08   0x00000080   Code   RO         1867    i.mpu_write_mem     inv_mpu.o
    0x08016c88   0x0000009c   Code   RO         1868    i.run_self_test     inv_mpu.o
    0x08016d24   0x00000090   Code   RO         1869    i.set_int_enable    inv_mpu.o
    0x08016db4   0x00000006   Code   RO         2672    i.set_sensor_orientation_and_scale  data_builder.o
    0x08016dba   0x00000002   PAD
    0x08016dbc   0x00000254   Code   RO         1870    i.setup_compass     inv_mpu.o
    0x08017010   0x0000003e   Code   RO         8860    i.sqrtf             m_wm.l(sqrtf.o)
    0x0801704e   0x00000002   PAD
    0x08017050   0x00000038   Code   RO          731    i.uart_init         usart.o
    0x08017088   0x00000084   Code   RO           11    i.usart1_niming_report  app.o
    0x0801710c   0x00000068   Code   RO           12    i.usart1_report_imu  app.o
    0x08017174   0x00000020   Code   RO           13    i.usart1_send_char  app.o
    0x08017194   0x0000000c   Code   RO         7641    i.vBitmapClear      vbitmap.o
    0x080171a0   0x0000005c   Code   RO         7642    i.vBitmapGetFirstSet  vbitmap.o
    0x080171fc   0x00000006   Code   RO         7643    i.vBitmapInit       vbitmap.o
    0x08017202   0x00000004   Code   RO         7644    i.vBitmapPosCount   vbitmap.o
    0x08017206   0x0000000c   Code   RO         7645    i.vBitmapSet        vbitmap.o
    0x08017212   0x00000002   PAD
    0x08017214   0x0000002c   Code   RO         7780    i.vCPUUsageGet      vidaos.o
    0x08017240   0x00000010   Code   RO         7712    i.vEventInit        vevent.o
    0x08017250   0x00000044   Code   RO         7713    i.vEventRemoveTask  vevent.o
    0x08017294   0x000000be   Code   RO         7714    i.vEventWait        vevent.o
    0x08017352   0x0000001e   Code   RO         7715    i.vEventWaitCount   vevent.o
    0x08017370   0x0000005c   Code   RO         7717    i.vEventWakeupAll   vevent.o
    0x080173cc   0x00000052   Code   RO         7718    i.vEventWakeupFirst  vevent.o
    0x0801741e   0x00000002   PAD
    0x08017420   0x0000008c   Code   RO           14    i.vInitApp          app.o
    0x080174ac   0x00000018   Code   RO         7869    i.vListAddLast      vlist.o
    0x080174c4   0x00000006   Code   RO         7870    i.vListCount        vlist.o
    0x080174ca   0x0000000c   Code   RO         7871    i.vListFirst        vlist.o
    0x080174d6   0x0000000a   Code   RO         7872    i.vListInit         vlist.o
    0x080174e0   0x00000014   Code   RO         7874    i.vListInsertBefore  vlist.o
    0x080174f4   0x0000001e   Code   RO         7878    i.vListRemove       vlist.o
    0x08017512   0x00000026   Code   RO         7880    i.vListRemoveFirst  vlist.o
    0x08017538   0x00000020   Code   RO         7961    i.vMboxInit         vmbox.o
    0x08017558   0x000000b0   Code   RO         7963    i.vMboxNotify       vmbox.o
    0x08017608   0x0000006c   Code   RO         7964    i.vMboxWait         vmbox.o
    0x08017674   0x00000006   Code   RO         7881    i.vNodeInit         vlist.o
    0x0801767a   0x00000002   PAD
    0x0801767c   0x00000070   Code   RO         7781    i.vOSStart          vidaos.o
    0x080176ec   0x00000054   Code   RO         7682    i.vSetSysTickPeriod  vcpu.o
    0x08017740   0x00000034   Code   RO         8182    i.vTDlistTaskRemove  vdelay.o
    0x08017774   0x0000009c   Code   RO         8183    i.vTDlistTaskWait   vdelay.o
    0x08017810   0x0000003c   Code   RO         8184    i.vTDlistTaskWakeup  vdelay.o
    0x0801784c   0x0000000a   Code   RO         7782    i.vTaskCriticalExit  vidaos.o
    0x08017856   0x00000002   PAD
    0x08017858   0x00000028   Code   RO         8185    i.vTaskDelay        vdelay.o
    0x08017880   0x00000012   Code   RO         8187    i.vTaskDelay_ms     vdelay.o
    0x08017892   0x00000002   PAD
    0x08017894   0x00000010   Code   RO         8188    i.vTaskDelayedInit  vdelay.o
    0x080178a4   0x00000098   Code   RO         8124    i.vTaskGetInfo      vtask.o
    0x0801793c   0x00000028   Code   RO         8018    i.vTaskHighestReady  vsched.o
    0x08017964   0x0000015a   Code   RO         8125    i.vTaskInit         vtask.o
    0x08017abe   0x00000002   PAD
    0x08017ac0   0x00000044   Code   RO         8019    i.vTaskSched        vsched.o
    0x08017b04   0x00000028   Code   RO         8020    i.vTaskSchedDisable  vsched.o
    0x08017b2c   0x00000030   Code   RO         8021    i.vTaskSchedEnable  vsched.o
    0x08017b5c   0x00000034   Code   RO         8022    i.vTaskSchedInit    vsched.o
    0x08017b90   0x00000034   Code   RO         8023    i.vTaskSchedRdy     vsched.o
    0x08017bc4   0x0000004c   Code   RO         8025    i.vTaskSchedUnRdy   vsched.o
    0x08017c10   0x0000004c   Code   RO         8129    i.vTaskSuspend      vtask.o
    0x08017c5c   0x00000010   Code   RO         7783    i.vTaskSwitch       vidaos.o
    0x08017c6c   0x000000d0   Code   RO         7784    i.vTaskSystemTickHandler  vidaos.o
    0x08017d3c   0x00000044   Code   RO         8130    i.vTaskWakeup       vtask.o
    0x08017d80   0x0000000c   Code   RO         7785    i.vTastCriticalEnter  vidaos.o
    0x08017d8c   0x0000000c   Code   RO         7786    i.vTickCountInit    vidaos.o
    0x08017d98   0x0000002c   Code   RO         9073    locale$$code        c_w.l(lc_numeric_c.o)
    0x08017dc4   0x0000002c   Code   RO         9148    locale$$code        c_w.l(lc_ctype_c.o)
    0x08017df0   0x00000018   Code   RO         8924    x$fpl$basic         fz_wm.l(basic.o)
    0x08017e08   0x00000062   Code   RO         8618    x$fpl$d2f           fz_wm.l(d2f.o)
    0x08017e6a   0x00000002   PAD
    0x08017e6c   0x00000150   Code   RO         8620    x$fpl$dadd          fz_wm.l(daddsub_clz.o)
    0x08017fbc   0x00000018   Code   RO         8926    x$fpl$dcmpinf       fz_wm.l(dcmpi.o)
    0x08017fd4   0x000002b0   Code   RO         8627    x$fpl$ddiv          fz_wm.l(ddiv.o)
    0x08018284   0x00000078   Code   RO         8630    x$fpl$deqf          fz_wm.l(deqf.o)
    0x080182fc   0x0000005e   Code   RO         8632    x$fpl$dfix          fz_wm.l(dfix.o)
    0x0801835a   0x00000002   PAD
    0x0801835c   0x0000005a   Code   RO         8636    x$fpl$dfixu         fz_wm.l(dfixu.o)
    0x080183b6   0x0000002e   Code   RO         8641    x$fpl$dflt          fz_wm.l(dflt_clz.o)
    0x080183e4   0x00000026   Code   RO         8640    x$fpl$dfltu         fz_wm.l(dflt_clz.o)
    0x0801840a   0x00000002   PAD
    0x0801840c   0x00000078   Code   RO         8646    x$fpl$dleqf         fz_wm.l(dleqf.o)
    0x08018484   0x00000154   Code   RO         8648    x$fpl$dmul          fz_wm.l(dmul.o)
    0x080185d8   0x0000009c   Code   RO         8928    x$fpl$dnaninf       fz_wm.l(dnaninf.o)
    0x08018674   0x0000000c   Code   RO         8930    x$fpl$dretinf       fz_wm.l(dretinf.o)
    0x08018680   0x0000006c   Code   RO         8650    x$fpl$drleqf        fz_wm.l(drleqf.o)
    0x080186ec   0x00000016   Code   RO         8621    x$fpl$drsb          fz_wm.l(daddsub_clz.o)
    0x08018702   0x00000002   PAD
    0x08018704   0x00000198   Code   RO         8932    x$fpl$dsqrt         fz_wm.l(dsqrt_umaal.o)
    0x0801889c   0x000001d4   Code   RO         8622    x$fpl$dsub          fz_wm.l(daddsub_clz.o)
    0x08018a70   0x00000056   Code   RO         8652    x$fpl$f2d           fz_wm.l(f2d.o)
    0x08018ac6   0x00000060   Code   RO         8658    x$fpl$ffltll        fz_wm.l(ffltll_clz.o)
    0x08018b26   0x0000008c   Code   RO         8934    x$fpl$fnaninf       fz_wm.l(fnaninf.o)
    0x08018bb2   0x0000000a   Code   RO         9156    x$fpl$fpinit        fz_wm.l(fpinit.o)
    0x08018bbc   0x0000000a   Code   RO         8936    x$fpl$fretinf       fz_wm.l(fretinf.o)
    0x08018bc6   0x00000002   PAD
    0x08018bc8   0x00000086   Code   RO         8654    x$fpl$llsfromf      fz_wm.l(ffixll.o)
    0x08018c4e   0x00000004   Code   RO         8660    x$fpl$printf1       fz_wm.l(printf1.o)
    0x08018c52   0x00000004   Code   RO         8938    x$fpl$printf2       fz_wm.l(printf2.o)
    0x08018c56   0x00000000   Code   RO         8946    x$fpl$usenofp       fz_wm.l(usenofp.o)
    0x08018c56   0x00004740   Data   RO         1202    .constdata          lcd.o
    0x0801d396   0x00000002   PAD
    0x0801d398   0x00000268   Data   RO         1871    .constdata          inv_mpu.o
    0x0801d600   0x00000bf6   Data   RO         2315    .constdata          inv_mpu_dmp_motion_driver.o
    0x0801e1f6   0x0000002f   Data   RO         3539    .constdata          mpl.o
    0x0801e225   0x00000010   Data   RO         4985    .constdata          stm32f4xx_hal_rcc.o
    0x0801e235   0x00000100   Data   RO         7646    .constdata          vbitmap.o
    0x0801e335   0x00000028   Data   RO         8574    .constdata          c_w.l(_printf_hex_int_ll_ptr.o)
    0x0801e35d   0x00000011   Data   RO         8594    .constdata          c_w.l(__printf_flags_ss_wp.o)
    0x0801e36e   0x00000002   PAD
    0x0801e370   0x00000038   Data   RO         8797    .constdata          m_wm.l(log.o)
    0x0801e3a8   0x00000008   Data   RO         8894    .constdata          c_w.l(_printf_wctomb.o)
    0x0801e3b0   0x00000030   Data   RO         8948    .constdata          m_wm.l(cos_i.o)
    0x0801e3e0   0x00000008   Data   RO         8984    .constdata          m_wm.l(qnan.o)
    0x0801e3e8   0x000000c8   Data   RO         8987    .constdata          m_wm.l(rred.o)
    0x0801e4b0   0x00000020   Data   RO         8991    .constdata          m_wm.l(rredf.o)
    0x0801e4d0   0x00000028   Data   RO         8994    .constdata          m_wm.l(sin_i.o)
    0x0801e4f8   0x00000026   Data   RO         9031    .constdata          c_w.l(_printf_fp_hex.o)
    0x0801e51e   0x00000002   PAD
    0x0801e520   0x00000094   Data   RO         9042    .constdata          c_w.l(bigflt0.o)
    0x0801e5b4   0x00000009   Data   RO         1872    .conststring        inv_mpu.o
    0x0801e5bd   0x00000003   PAD
    0x0801e5c0   0x00000044   Data   RO         2674    .conststring        data_builder.o
    0x0801e604   0x00000020   Data   RO         9229    Region$$Table       anon$$obj.o
    0x0801e624   0x0000001c   Data   RO         9072    locale$$data        c_w.l(lc_numeric_c.o)
    0x0801e640   0x00000110   Data   RO         9147    locale$$data        c_w.l(lc_ctype_c.o)


    Execution Region RW_IRAM1 (Base: 0x20000000, Size: 0x00004a80, Max: 0x00030000, ABSOLUTE)

    Base Addr    Size         Type   Attr      Idx    E Section Name        Object

    0x20000000   0x00000007   Data   RW           16    .data               app.o
    0x20000007   0x00000001   PAD
    0x20000008   0x00000014   Data   RW          537    .data               system_stm32f4xx.o
    0x2000001c   0x00000007   Data   RW          733    .data               usart.o
    0x20000023   0x00000001   Data   RW          877    .data               wwdg.o
    0x20000024   0x00000008   Data   RW          935    .data               timer.o
    0x2000002c   0x00000003   Data   RW         1031    .data               tpad.o
    0x2000002f   0x00000001   PAD
    0x20000030   0x00000008   Data   RW         1203    .data               lcd.o
    0x20000038   0x00000008   Data   RW         1407    .data               ltdc.o
    0x20000040   0x0000004e   Data   RW         1873    .data               inv_mpu.o
    0x2000008e   0x00000002   PAD
    0x20000090   0x00000004   Data   RW         3154    .data               message_layer.o
    0x20000094   0x00000004   Data   RW         3889    .data               delay.o
    0x20000098   0x00000004   Data   RW         3975    .data               stm32f4xx_hal.o
    0x2000009c   0x00000024   Data   RW         7788    .data               vidaos.o
    0x200000c0   0x00000005   Data   RW         8027    .data               vsched.o
    0x200000c5   0x00000003   PAD
    0x200000c8   0x00000010   Data   RW         8299    .data               libmpllib.lib(compass_vec_cal.o)
    0x200000d8   0x000016d4   Zero   RW           15    .bss                app.o
    0x200017ac   0x00000108   Zero   RW          732    .bss                usart.o
    0x200018b4   0x00000010   Zero   RW          841    .bss                iwdg.o
    0x200018c4   0x00000014   Zero   RW          876    .bss                wwdg.o
    0x200018d8   0x000000d0   Zero   RW          934    .bss                timer.o
    0x200019a8   0x0000003c   Zero   RW         1030    .bss                tpad.o
    0x200019e4   0x00000020   Zero   RW         1095    .bss                rtc.o
    0x20001a04   0x0000005e   Zero   RW         1201    .bss                lcd.o
    0x20001a62   0x00000002   PAD
    0x20001a64   0x00000108   Zero   RW         1406    .bss                ltdc.o
    0x20001b6c   0x00000034   Zero   RW         1512    .bss                sdram.o
    0x20001ba0   0x00000080   Zero   RW         1570    .bss                can.o
    0x20001c20   0x00000010   Zero   RW         2314    .bss                inv_mpu_dmp_motion_driver.o
    0x20001c30   0x00000028   Zero   RW         2526    .bss                empl_outputs.o
    0x20001c58   0x000002d8   Zero   RW         2673    .bss                data_builder.o
    0x20001f30   0x000000c4   Zero   RW         3064    .bss                hal_outputs.o
    0x20001ff4   0x00000088   Zero   RW         3611    .bss                results_holder.o
    0x2000207c   0x00000054   Zero   RW         3812    .bss                start_manager.o
    0x200020d0   0x00000198   Zero   RW         3846    .bss                storage_manager.o
    0x20002268   0x00001054   Zero   RW         7787    .bss                vidaos.o
    0x200032bc   0x00000180   Zero   RW         8026    .bss                vsched.o
    0x2000343c   0x0000000c   Zero   RW         8189    .bss                vdelay.o
    0x20003448   0x00000460   Zero   RW         8298    .bss                libmpllib.lib(compass_vec_cal.o)
    0x200038a8   0x000002a0   Zero   RW         8388    .bss                libmpllib.lib(fast_no_motion.o)
    0x20003b48   0x00000138   Zero   RW         8421    .bss                libmpllib.lib(fusion_9axis.o)
    0x20003c80   0x000001c4   Zero   RW         8443    .bss                libmpllib.lib(gyro_tc.o)
    0x20003e44   0x000000b8   Zero   RW         8461    .bss                libmpllib.lib(mag_disturb.o)
    0x20003efc   0x0000006c   Zero   RW         8483    .bss                libmpllib.lib(quaternion_supervisor.o)
    0x20003f68   0x000004b8   Zero   RW         8501    .bss                libmpllib.lib(accel_auto_cal.o)
    0x20004420   0x00000060   Zero   RW         9080    .bss                c_w.l(libspace.o)
    0x20004480   0x00000200   Zero   RW         7635    HEAP                startup_stm32f429xx.o
    0x20004680   0x00000400   Zero   RW         7634    STACK               startup_stm32f429xx.o



  Load Region LR$$.ARM.__AT_0xC0000000 (Base: 0xc0000000, Size: 0x00000000, Max: 0x001f4000, ABSOLUTE)

    Execution Region ER$$.ARM.__AT_0xC0000000 (Base: 0xc0000000, Size: 0x001f4000, Max: 0x001f4000, ABSOLUTE, UNINIT)

    Base Addr    Size         Type   Attr      Idx    E Section Name        Object

    0xc0000000   0x001f4000   Zero   RW         1405    .ARM.__AT_0xC0000000  ltdc.o


==============================================================================

Image component sizes


      Code (inc. data)   RO Data    RW Data    ZI Data      Debug   Object Name

      4136        862          0          7       5844     484541   app.o
       352         32          0          0        128       3118   can.o
      2600        286         68          0        728      27556   data_builder.o
       116          8          0          4          0       1983   delay.o
       924         48          0          0         40       7462   empl_outputs.o
       294         26          0          0          0       3112   exti.o
       112          8          0          0        196       2114   hal_outputs.o
     11414       1556        625         78          0      46048   inv_mpu.o
      3128        138       3062          0         16      21818   inv_mpu_dmp_motion_driver.o
        56         16          0          0         16       1319   iwdg.o
       180         18          0          0          0       1023   key.o
     12068        210      18240          8         94      20898   lcd.o
        92         10          0          0          0        887   led.o
       202         10          0          0          0       1178   log_stm32.o
      1942        126          0          8    2048264      10590   ltdc.o
        64          4          0          0          0        519   main.o
        28          4          0          4          0       1286   message_layer.o
      1878         24          0          0          0      14717   ml_math_func.o
       272        100         47          0          0       2676   mpl.o
       504         22          0          0          0       4241   mpu9250.o
       712        114          0          0          0       4998   myiic.o
       824        128          0          0        136      16381   results_holder.o
       432         62          0          0         32       6162   rtc.o
       568         44          0          0         52       3614   sdram.o
       204         20          0          0         84       3476   start_manager.o
        64         26        428          0       1536        840   startup_stm32f429xx.o
       108         12          0          4          0       3132   stm32f4xx_hal.o
      1356         20          0          0          0       3289   stm32f4xx_hal_can.o
       366         28          0          0          0      32159   stm32f4xx_hal_cortex.o
       596         58          0          0          0       3786   stm32f4xx_hal_gpio.o
       234          0          0          0          0       3135   stm32f4xx_hal_iwdg.o
      1144          6          0          0          0       4745   stm32f4xx_hal_ltdc.o
         2          0          0          0          0        454   stm32f4xx_hal_msp.o
        80         16          0          0          0       1716   stm32f4xx_hal_pwr.o
       164         12          0          0          0       1300   stm32f4xx_hal_pwr_ex.o
      2044         66         16          0          0       6087   stm32f4xx_hal_rcc.o
       872         24          0          0          0       1584   stm32f4xx_hal_rcc_ex.o
      1212         28          0          0          0       8112   stm32f4xx_hal_rtc.o
       402         10          0          0          0       4099   stm32f4xx_hal_rtc_ex.o
       162          0          0          0          0       2776   stm32f4xx_hal_sdram.o
        88          0          0          0          0       1224   stm32f4xx_hal_sram.o
      1480         74          0          0          0      12258   stm32f4xx_hal_tim.o
         4          0          0          0          0       1614   stm32f4xx_hal_tim_ex.o
      1456         10          0          0          0       7751   stm32f4xx_hal_uart.o
       104          0          0          0          0       1733   stm32f4xx_hal_wwdg.o
        22          0          0          0          0       3191   stm32f4xx_it.o
       658         12          0          0          0       5968   stm32f4xx_ll_fmc.o
       168         10          0          0        408       2565   storage_manager.o
       184          8          0          0          0       1251   sys.o
       100         18          0         20          0       1069   system_stm32f4xx.o
       740         74          0          8        208       5736   timer.o
       612         72          0          3         60       4406   tpad.o
       432         54          0          7        264       5505   usart.o
       126          6        256          0          0       3057   vbitmap.o
       104         16          0          0          0      27769   vcpu.o
       342         26          0          0         12       4369   vdelay.o
       478          0          0          0          0       4957   vevent.o
       790        140          0         36       4180      12097   vidaos.o
       146          0          0          0          0       4762   vlist.o
       316         10          0          0          0       2638   vmbox.o
       376         62          0          5        384       4558   vsched.o
       642         14          0          0          0       3420   vtask.o
       436         42          0          0          0       2217   wkup.o
        60         18          0          1         20       1644   wwdg.o

    ----------------------------------------------------------------------
     61838       4848      22779        200    2062704     894690   Object Totals
         0          0         32          0          0          0   (incl. Generated)
        66          0          5          7          2          0   (incl. Padding)

    ----------------------------------------------------------------------

      Code (inc. data)   RO Data    RW Data    ZI Data      Debug   Library Member Name

        24          4          0          0          0         84   __2printf.o
        44          6          0          0          0         84   __2sprintf.o
         8          0          0          0          0         68   __main.o
       392          4         17          0          0         92   __printf_flags_ss_wp.o
        14          0          0          0          0         68   __printf_wp.o
         0          0          0          0          0          0   __rtentry.o
        12          0          0          0          0          0   __rtentry2.o
         6          0          0          0          0          0   __rtentry4.o
        52          8          0          0          0          0   __scatter.o
        26          0          0          0          0          0   __scatter_copy.o
        28          0          0          0          0          0   __scatter_zi.o
         6          0          0          0          0          0   _printf_a.o
         6          0          0          0          0          0   _printf_c.o
        44          0          0          0          0        108   _printf_char.o
        48          6          0          0          0         96   _printf_char_common.o
        36          4          0          0          0         80   _printf_char_file.o
        40          0          0          0          0         68   _printf_charcount.o
         6          0          0          0          0          0   _printf_d.o
       120         16          0          0          0         92   _printf_dec.o
         6          0          0          0          0          0   _printf_e.o
         6          0          0          0          0          0   _printf_f.o
      1050          0          0          0          0        216   _printf_fp_dec.o
       764          8         38          0          0        100   _printf_fp_hex.o
       128         16          0          0          0         84   _printf_fp_infnan.o
         6          0          0          0          0          0   _printf_g.o
       148          4         40          0          0        160   _printf_hex_int_ll_ptr.o
         6          0          0          0          0          0   _printf_i.o
       178          0          0          0          0         88   _printf_intcommon.o
        10          0          0          0          0          0   _printf_l.o
         6          0          0          0          0          0   _printf_lc.o
        10          0          0          0          0          0   _printf_ll.o
         6          0          0          0          0          0   _printf_lld.o
         6          0          0          0          0          0   _printf_lli.o
         6          0          0          0          0          0   _printf_llo.o
         6          0          0          0          0          0   _printf_llu.o
         6          0          0          0          0          0   _printf_llx.o
       124         16          0          0          0         92   _printf_longlong_dec.o
         6          0          0          0          0          0   _printf_ls.o
         6          0          0          0          0          0   _printf_n.o
         6          0          0          0          0          0   _printf_o.o
       112          8          0          0          0        124   _printf_oct_int_ll.o
         6          0          0          0          0          0   _printf_p.o
        78          0          0          0          0        108   _printf_pad.o
         0          0          0          0          0          0   _printf_percent.o
         4          0          0          0          0          0   _printf_percent_end.o
         6          0          0          0          0          0   _printf_s.o
        82          0          0          0          0         80   _printf_str.o
        36          0          0          0          0         84   _printf_truncate.o
         6          0          0          0          0          0   _printf_u.o
        44          0          0          0          0        108   _printf_wchar.o
       188          6          8          0          0         92   _printf_wctomb.o
         6          0          0          0          0          0   _printf_x.o
        22          0          0          0          0        100   _rserrno.o
        10          0          0          0          0         68   _sputc.o
        64          0          0          0          0         92   _wcrtomb.o
        16          0          0          0          0         68   aeabi_memset.o
       220          4        148          0          0         96   bigflt0.o
      1910        128          0          0          0        672   btod.o
        18          0          0          0          0         80   exit.o
         8          0          0          0          0         68   ferror.o
         6          0          0          0          0        152   heapauxi.o
        44         10        272          0          0         76   lc_ctype_c.o
        44         10         28          0          0         76   lc_numeric_c.o
         2          0          0          0          0          0   libinit.o
        34          0          0          0          0          0   libinit2.o
         2          0          0          0          0          0   libshutdown.o
         2          0          0          0          0          0   libshutdown2.o
         8          4          0          0         96         68   libspace.o
        72          0          0          0          0         76   llsdiv.o
        38          0          0          0          0         68   llshl.o
        38          0          0          0          0         68   llsshr.o
       138          0          0          0          0         80   lludiv10.o
       238          0          0          0          0        100   lludivv7m.o
        88          0          0          0          0         76   memcmp.o
        16          4          0          0          0         76   rt_ctype_table.o
         8          4          0          0          0         68   rt_errno_addr_intlibspace.o
         8          4          0          0          0         68   rt_locale_intlibspace.o
        68          0          0          0          0         68   rt_memclr.o
        78          0          0          0          0         80   rt_memclr_w.o
       138          0          0          0          0         68   rt_memcpy_v6.o
       100          0          0          0          0         80   rt_memcpy_w.o
       122          0          0          0          0         80   rt_memmove_w.o
         2          0          0          0          0          0   rtexit.o
        10          0          0          0          0          0   rtexit2.o
       128          0          0          0          0         68   strcmpv7m.o
        74          0          0          0          0         80   sys_stackheap_outer.o
         2          0          0          0          0         68   use_no_semi.o
         2          0          0          0          0         68   use_no_semi_2.o
        36          4          0          0          0         76   vsprintf.o
        24          0          0          0          0        164   basic.o
        98          4          0          0          0        140   d2f.o
       826         16          0          0          0        492   daddsub_clz.o
        24          0          0          0          0        116   dcmpi.o
       688        140          0          0          0        256   ddiv.o
       120          4          0          0          0        140   deqf.o
        94          4          0          0          0        140   dfix.o
        90          4          0          0          0        140   dfixu.o
        84          0          0          0          0        232   dflt_clz.o
       120          4          0          0          0        140   dleqf.o
       340         12          0          0          0        152   dmul.o
       156          4          0          0          0        140   dnaninf.o
        12          0          0          0          0        116   dretinf.o
       108          0          0          0          0        128   drleqf.o
       408         56          0          0          0        168   dsqrt_umaal.o
        86          4          0          0          0        132   f2d.o
       134          4          0          0          0        132   ffixll.o
        96          0          0          0          0        132   ffltll_clz.o
       140          4          0          0          0        132   fnaninf.o
        10          0          0          0          0        116   fpinit.o
        10          0          0          0          0        116   fretinf.o
         4          0          0          0          0        116   printf1.o
         4          0          0          0          0        116   printf2.o
         0          0          0          0          0          0   usenofp.o
      3140        190          0          0       1208       9672   accel_auto_cal.o
      9456        298          0         16       1120      19892   compass_vec_cal.o
      2584         42          0          0        672      13744   fast_no_motion.o
      1712         72          0          0        312       5636   fusion_9axis.o
      1220         32          0          0        452       5735   gyro_tc.o
      1472         48          0          0        184       7614   mag_disturb.o
      2452        130          0          0        108       5637   quaternion_supervisor.o
       280         46          0          0          0        176   acosf.o
       592         90          0          0          0        184   atan2f.o
       200         20          0          0          0        164   cos.o
       368         46         48          0          0        200   cos_i.o
       336         56          0          0          0        136   cosf.o
       132         36          0          0          0        496   dunder.o
        44          0          0          0          0        248   fabs.o
        48          0          0          0          0        124   fpclassify.o
        38          0          0          0          0        116   fpclassifyf.o
        44         12          0          0          0        464   funder.o
       964         92         56          0          0        316   log.o
       248          0          0          0          0        152   poly.o
         0          0          8          0          0          0   qnan.o
      1080        142        200          0          0        188   rred.o
       340         24         32          0          0        160   rredf.o
       304         24         40          0          0        208   sin_i.o
       400         56          0          0          0        212   sinf.o
       122          0          0          0          0        148   sqrt.o
       120          0          0          0          0        272   sqrtf.o

    ----------------------------------------------------------------------
     39196       1998        939         16       4152      80758   Library Totals
        40          4          4          0          0          0   (incl. Padding)

    ----------------------------------------------------------------------

      Code (inc. data)   RO Data    RW Data    ZI Data      Debug   Library Name

      7784        278        551          0         96       5208   c_w.l
      3676        260          0          0          0       3656   fz_wm.l
     22036        812          0         16       4056      67930   libmpllib.lib
      5660        644        384          0          0       3964   m_wm.l

    ----------------------------------------------------------------------
     39196       1998        939         16       4152      80758   Library Totals

    ----------------------------------------------------------------------

==============================================================================


      Code (inc. data)   RO Data    RW Data    ZI Data      Debug   

    101034       6846      23718        216    2066856     924584   Grand Totals
    101034       6846      23718        216    2066856     924584   ELF Image Totals
    101034       6846      23718        216          0          0   ROM Totals

==============================================================================

    Total RO  Size (Code + RO Data)               124752 ( 121.83kB)
    Total RW  Size (RW Data + ZI Data)           2067072 (2018.63kB)
    Total ROM Size (Code + RO Data + RW Data)     124968 ( 122.04kB)

==============================================================================

